<html>
<body>
<pre>
<h1>µVision Build Log</h1>
<h2>Tool Versions:</h2>
IDE-Version: ¶ÃVision V5.14.0.0
Copyright (C) 2015 ARM Ltd and ARM Germany GmbH. All rights reserved.
License Information: x xgh_b, gh, LIC=DSNVE-5B84K-AVJ1J-U3EDP-7MG3D-WI9K7
 
Tool Versions:
Toolchain:       MDK-ARM Professional  Version: 5.14.0.0
Toolchain Path:  C:\Keil_v5\ARM\ARMCC\Bin
C Compiler:      Armcc.exe V5.05 update 1 (build 106)
Assembler:       Armasm.exe V5.05 update 1 (build 106)
Linker/Locator:  ArmLink.exe V5.05 update 1 (build 106)
Library Manager: ArmAr.exe V5.05 update 1 (build 106)
Hex Converter:   FromElf.exe V5.05 update 1 (build 106)
CPU DLL:         SARMCM3.DLL V5.14.0.0
Dialog DLL:      DCM.DLL V1.13.1.0
Target DLL:      Segger\JL2CM3.dll V2.99.13.0
Dialog DLL:      TCM.DLL V1.14.4.0
 
<h2>Project:</h2>
C:\Users\xgh_b\Desktop\∞Àÿ‘\USER\SPI.uvprojx
Project File Date:  12/09/2018

<h2>Output:</h2>
Build target 'SPI'
compiling global.c...
..\HARDWARE\global.h(137): warning:  #1295-D: Deprecated declaration LightLine_Init - give arg types
  void LightLine_Init();
..\HARDWARE\global.h(139): warning:  #1295-D: Deprecated declaration Reset_Line - give arg types
  void Reset_Line();
..\HARDWARE\global.c: 2 warnings, 0 errors
linking...
Program Size: Code=21488 RO-data=420 RW-data=180 ZI-data=8044  
FromELF: creating hex file...
"..\OBJ\SPI.axf" - 0 Error(s), 2 Warning(s).

<h2>Collection of Component include folders:</h2>
  C:\Users\xgh_b\Desktop\∞Àÿ‘\USER\RTE
  C:\Keil_v5\ARM\PACK\Keil\STM32F1xx_DFP\1.0.4\Device\Include

<h2>Collection of Component Files used:</h2>
</pre>
</body>
</html>
