Component: ARM Compiler 5.05 update 1 (build 106) Tool: armlink [4d0efa]

==============================================================================

Section Cross References

    main.o(.text) refers to stm32f10x_rcc.o(.text) for RCC_APB2PeriphClockCmd
    main.o(.text) refers to memcpya.o(.text) for __aeabi_memcpy
    main.o(.text) refers to delay.o(.text) for delay_init
    main.o(.text) refers to misc.o(.text) for NVIC_PriorityGroupConfig
    main.o(.text) refers to usart_u.o(.text) for Usart_init
    main.o(.text) refers to cmd.o(.text) for cmd_init
    main.o(.text) refers to global.o(.text) for IO_Init
    main.o(.text) refers to time.o(.text) for TIM2_init
    main.o(.text) refers to global.o(.bss) for light
    main.o(.text) refers to main.o(.data) for width
    main.o(.text) refers to time.o(.bss) for IRQ_tt
    main.o(.data) refers to main.o(.conststring) for .conststring
    main.o(.data) refers to main.o(.conststrlit) for .conststrlit
    system_stm32f10x.o(.text) refers to system_stm32f10x.o(.data) for SystemCoreClock
    usart_u.o(.text) refers to stm32f10x_gpio.o(.text) for GPIO_Init
    usart_u.o(.text) refers to stm32f10x_usart.o(.text) for USART_ClockInit
    usart_u.o(.text) refers to misc.o(.text) for NVIC_Init
    usart_u.o(.text) refers to printfa.o(i.__0vsnprintf) for vsnprintf
    spi.o(.text) refers to usart_u.o(.text) for uprintf
    spi.o(.text) refers to stm32f10x_spi.o(.text) for SPI_I2S_GetFlagStatus
    spi.o(.text) refers to stm32f10x_rcc.o(.text) for RCC_APB1PeriphClockCmd
    spi.o(.text) refers to stm32f10x_gpio.o(.text) for GPIO_Init
    can.o(.text) refers to misc.o(.text) for NVIC_Init
    can.o(.text) refers to stm32f10x_gpio.o(.text) for GPIO_Init
    can.o(.text) refers to usart_u.o(.text) for uprintf
    can.o(.text) refers to stm32f10x_rcc.o(.text) for RCC_APB1PeriphClockCmd
    can.o(.text) refers to stm32f10x_can.o(.text) for CAN_DeInit
    can.o(.text) refers to can.o(.conststring) for .conststring
    can.o(.text) refers to can.o(.data) for can_cb_array
    can.o(.text) refers to can.o(.bss) for g_can_rx_msg
    cmd.o(.text) refers to malloc.o(i.malloc) for malloc
    cmd.o(.text) refers to strcmp.o(.text) for strcmp
    cmd.o(.text) refers to stm32f10x_usart.o(.text) for USART_GetITStatus
    cmd.o(.text) refers to memseta.o(.text) for __aeabi_memclr4
    cmd.o(.text) refers to usart_u.o(.text) for uprintf
    cmd.o(.text) refers to cmd.o(.bss) for cmd_argv_3
    cmd.o(.text) refers to cmd.o(.data) for cmd_tbl
    cmd.o(.data) refers to cmd.o(.text) for cmd_help_func
    time.o(.text) refers to stm32f10x_tim.o(.text) for TIM_DeInit
    time.o(.text) refers to misc.o(.text) for NVIC_Init
    time.o(.text) refers to stm32f10x_gpio.o(.text) for GPIO_Init
    time.o(.text) refers to dflti.o(.text) for __aeabi_i2d
    time.o(.text) refers to dmul.o(.text) for __aeabi_dmul
    time.o(.text) refers to dfixi.o(.text) for __aeabi_d2iz
    time.o(.text) refers to cdcmple.o(.text) for __aeabi_cdcmpeq
    time.o(.text) refers to time.o(.data) for SteerPrescaler
    time.o(.text) refers to global.o(.bss) for light
    time.o(.text) refers to main.o(.data) for PIT_f
    time.o(.text) refers to global.o(.text) for getSign
    time.o(.text) refers to ddiv.o(.text) for __aeabi_ddiv
    time.o(.text) refers to time.o(.bss) for IRQ_tt
    time.o(.text) refers to global.o(.data) for holdTime
    global.o(.text) refers to stm32f10x_gpio.o(.text) for GPIO_Init
    global.o(.text) refers to stm32f10x_exti.o(.text) for EXTI_Init
    global.o(.text) refers to misc.o(.text) for NVIC_Init
    global.o(.text) refers to usart_u.o(.text) for uprintf
    global.o(.text) refers to main.o(.data) for PIT_f
    global.o(.text) refers to global.o(.data) for holdTime
    global.o(.text) refers to global.o(.bss) for PassWord
    global.o(.text) refers to strcmp.o(.text) for strcmp
    global.o(.text) refers to delay.o(.text) for delay_ms
    delay.o(.text) refers to misc.o(.text) for SysTick_CLKSourceConfig
    delay.o(.text) refers to system_stm32f10x.o(.data) for SystemCoreClock
    delay.o(.text) refers to delay.o(.data) for fac_us
    startup_stm32f10x_hd.o(RESET) refers to startup_stm32f10x_hd.o(STACK) for __initial_sp
    startup_stm32f10x_hd.o(RESET) refers to startup_stm32f10x_hd.o(.text) for Reset_Handler
    startup_stm32f10x_hd.o(RESET) refers to stm32f10x_it.o(.text) for NMI_Handler
    startup_stm32f10x_hd.o(RESET) refers to global.o(.text) for EXTI0_IRQHandler
    startup_stm32f10x_hd.o(RESET) refers to can.o(.text) for USB_LP_CAN1_RX0_IRQHandler
    startup_stm32f10x_hd.o(RESET) refers to time.o(.text) for TIM2_IRQHandler
    startup_stm32f10x_hd.o(RESET) refers to usart_u.o(.text) for USART2_IRQHandler
    startup_stm32f10x_hd.o(RESET) refers to cmd.o(.text) for USART3_IRQHandler
    startup_stm32f10x_hd.o(.text) refers to system_stm32f10x.o(.text) for SystemInit
    startup_stm32f10x_hd.o(.text) refers to entry.o(.ARM.Collect$$$$00000000) for __main
    stm32f10x_gpio.o(.text) refers to stm32f10x_rcc.o(.text) for RCC_APB2PeriphResetCmd
    stm32f10x_rcc.o(.text) refers to stm32f10x_rcc.o(.data) for APBAHBPrescTable
    stm32f10x_tim.o(.text) refers to stm32f10x_rcc.o(.text) for RCC_APB2PeriphResetCmd
    stm32f10x_usart.o(.text) refers to stm32f10x_rcc.o(.text) for RCC_APB2PeriphResetCmd
    stm32f10x_spi.o(.text) refers to stm32f10x_rcc.o(.text) for RCC_APB2PeriphResetCmd
    stm32f10x_can.o(.text) refers to stm32f10x_rcc.o(.text) for RCC_APB1PeriphResetCmd
    entry.o(.ARM.Collect$$$$00000000) refers (Special) to entry10a.o(.ARM.Collect$$$$0000000D) for __rt_final_cpp
    entry.o(.ARM.Collect$$$$00000000) refers (Special) to entry11a.o(.ARM.Collect$$$$0000000F) for __rt_final_exit
    entry.o(.ARM.Collect$$$$00000000) refers (Special) to entry7b.o(.ARM.Collect$$$$00000008) for _main_clock
    entry.o(.ARM.Collect$$$$00000000) refers (Special) to entry8b.o(.ARM.Collect$$$$0000000A) for _main_cpp_init
    entry.o(.ARM.Collect$$$$00000000) refers (Special) to entry9a.o(.ARM.Collect$$$$0000000B) for _main_init
    entry.o(.ARM.Collect$$$$00000000) refers (Special) to entry5.o(.ARM.Collect$$$$00000004) for _main_scatterload
    entry.o(.ARM.Collect$$$$00000000) refers (Special) to entry2.o(.ARM.Collect$$$$00000001) for _main_stk
    printfa.o(i.__0fprintf) refers (Special) to iusefp.o(.text) for __I$use$fp
    printfa.o(i.__0fprintf) refers to printfa.o(i._printf_core) for _printf_core
    printfa.o(i.__0fprintf) refers to usart.o(.text) for fputc
    printfa.o(i.__0printf) refers (Special) to iusefp.o(.text) for __I$use$fp
    printfa.o(i.__0printf) refers to printfa.o(i._printf_core) for _printf_core
    printfa.o(i.__0printf) refers to usart.o(.text) for fputc
    printfa.o(i.__0printf) refers to usart.o(.data) for __stdout
    printfa.o(i.__0snprintf) refers (Special) to iusefp.o(.text) for __I$use$fp
    printfa.o(i.__0snprintf) refers to printfa.o(i._printf_core) for _printf_core
    printfa.o(i.__0snprintf) refers to printfa.o(i._snputc) for _snputc
    printfa.o(i.__0sprintf) refers (Special) to iusefp.o(.text) for __I$use$fp
    printfa.o(i.__0sprintf) refers to printfa.o(i._printf_core) for _printf_core
    printfa.o(i.__0sprintf) refers to printfa.o(i._sputc) for _sputc
    printfa.o(i.__0vfprintf) refers (Special) to iusefp.o(.text) for __I$use$fp
    printfa.o(i.__0vfprintf) refers to printfa.o(i._printf_core) for _printf_core
    printfa.o(i.__0vfprintf) refers to usart.o(.text) for fputc
    printfa.o(i.__0vprintf) refers (Special) to iusefp.o(.text) for __I$use$fp
    printfa.o(i.__0vprintf) refers to printfa.o(i._printf_core) for _printf_core
    printfa.o(i.__0vprintf) refers to usart.o(.text) for fputc
    printfa.o(i.__0vprintf) refers to usart.o(.data) for __stdout
    printfa.o(i.__0vsnprintf) refers (Special) to iusefp.o(.text) for __I$use$fp
    printfa.o(i.__0vsnprintf) refers to printfa.o(i._printf_core) for _printf_core
    printfa.o(i.__0vsnprintf) refers to printfa.o(i._snputc) for _snputc
    printfa.o(i.__0vsprintf) refers (Special) to iusefp.o(.text) for __I$use$fp
    printfa.o(i.__0vsprintf) refers to printfa.o(i._printf_core) for _printf_core
    printfa.o(i.__0vsprintf) refers to printfa.o(i._sputc) for _sputc
    printfa.o(i._fp_digits) refers (Special) to iusefp.o(.text) for __I$use$fp
    printfa.o(i._fp_digits) refers to dmul.o(.text) for __aeabi_dmul
    printfa.o(i._fp_digits) refers to ddiv.o(.text) for __aeabi_ddiv
    printfa.o(i._fp_digits) refers to cdrcmple.o(.text) for __aeabi_cdrcmple
    printfa.o(i._fp_digits) refers to dadd.o(.text) for __aeabi_dadd
    printfa.o(i._fp_digits) refers to dfixul.o(.text) for __aeabi_d2ulz
    printfa.o(i._fp_digits) refers to uldiv.o(.text) for __aeabi_uldivmod
    printfa.o(i._printf_core) refers (Special) to iusefp.o(.text) for __I$use$fp
    printfa.o(i._printf_core) refers to printfa.o(i._printf_pre_padding) for _printf_pre_padding
    printfa.o(i._printf_core) refers to uldiv.o(.text) for __aeabi_uldivmod
    printfa.o(i._printf_core) refers to printfa.o(i._printf_post_padding) for _printf_post_padding
    printfa.o(i._printf_core) refers to printfa.o(i._fp_digits) for _fp_digits
    printfa.o(i._printf_core) refers to uidiv.o(.text) for __aeabi_uidivmod
    printfa.o(i._printf_post_padding) refers (Special) to iusefp.o(.text) for __I$use$fp
    printfa.o(i._printf_pre_padding) refers (Special) to iusefp.o(.text) for __I$use$fp
    printfa.o(i._snputc) refers (Special) to iusefp.o(.text) for __I$use$fp
    printfa.o(i._sputc) refers (Special) to iusefp.o(.text) for __I$use$fp
    malloc.o(i.free) refers to mvars.o(.data) for __microlib_freelist
    malloc.o(i.malloc) refers to mvars.o(.data) for __microlib_freelist_initialised
    malloc.o(i.malloc) refers to mvars.o(.data) for __microlib_freelist
    malloc.o(i.malloc) refers to startup_stm32f10x_hd.o(HEAP) for __heap_base
    mallocr.o(i.__free$realloc) refers to mvars.o(.data) for __microlib_freelist
    mallocr.o(i.__malloc$realloc) refers to mallocr.o(i.internal_alloc) for internal_alloc
    mallocr.o(i.__malloc$realloc) refers to mvars.o(.data) for __microlib_freelist_initialised
    mallocr.o(i.__malloc$realloc) refers to startup_stm32f10x_hd.o(HEAP) for __heap_base
    mallocr.o(i.__malloc$realloc) refers to mvars.o(.data) for __microlib_freelist
    mallocr.o(i.internal_alloc) refers to memcpya.o(.text) for __aeabi_memcpy
    mallocr.o(i.internal_alloc) refers to mvars.o(.data) for __microlib_freelist
    mallocr.o(i.realloc) refers to mallocr.o(i.__free$realloc) for __free$realloc
    mallocr.o(i.realloc) refers to mallocr.o(i.internal_alloc) for internal_alloc
    mallocr.o(i.realloc) refers to mallocr.o(i.__malloc$realloc) for __malloc$realloc
    mallocr.o(i.realloc) refers to mvars.o(.data) for __microlib_freelist
    malloca.o(i.__aligned_malloc) refers to mvars.o(.data) for __microlib_freelist_initialised
    malloca.o(i.__aligned_malloc) refers to mvars.o(.data) for __microlib_freelist
    malloca.o(i.__aligned_malloc) refers to startup_stm32f10x_hd.o(HEAP) for __heap_base
    malloca.o(i.__free$memalign) refers to mvars.o(.data) for __microlib_freelist
    malloca.o(i.__malloc$memalign) refers to malloca.o(i.__aligned_malloc) for __aligned_malloc
    mallocra.o(i.__aligned_malloc$realloc) refers to mallocra.o(i.internal_alloc) for internal_alloc
    mallocra.o(i.__aligned_malloc$realloc) refers to mvars.o(.data) for __microlib_freelist_initialised
    mallocra.o(i.__aligned_malloc$realloc) refers to startup_stm32f10x_hd.o(HEAP) for __heap_base
    mallocra.o(i.__aligned_malloc$realloc) refers to mvars.o(.data) for __microlib_freelist
    mallocra.o(i.__free$realloc$memalign) refers to mvars.o(.data) for __microlib_freelist
    mallocra.o(i.__malloc$realloc$memalign) refers to mallocra.o(i.__aligned_malloc$realloc) for __aligned_malloc$realloc
    mallocra.o(i.__realloc$memalign) refers to mallocra.o(i.__free$realloc$memalign) for __free$realloc$memalign
    mallocra.o(i.__realloc$memalign) refers to mallocra.o(i.internal_alloc) for internal_alloc
    mallocra.o(i.__realloc$memalign) refers to mallocra.o(i.__malloc$realloc$memalign) for __malloc$realloc$memalign
    mallocra.o(i.__realloc$memalign) refers to mvars.o(.data) for __microlib_freelist
    mallocra.o(i.internal_alloc) refers to memcpya.o(.text) for __aeabi_memcpy
    mallocra.o(i.internal_alloc) refers to mvars.o(.data) for __microlib_freelist
    dmul.o(.text) refers (Special) to iusefp.o(.text) for __I$use$fp
    dmul.o(.text) refers to depilogue.o(.text) for _double_epilogue
    ddiv.o(.text) refers (Special) to iusefp.o(.text) for __I$use$fp
    ddiv.o(.text) refers to depilogue.o(.text) for _double_round
    dflti.o(.text) refers (Special) to iusefp.o(.text) for __I$use$fp
    dflti.o(.text) refers to depilogue.o(.text) for _double_epilogue
    dfixi.o(.text) refers (Special) to iusefp.o(.text) for __I$use$fp
    dfixi.o(.text) refers to llushr.o(.text) for __aeabi_llsr
    cdcmple.o(.text) refers (Special) to iusefp.o(.text) for __I$use$fp
    entry2.o(.ARM.Collect$$$$00000001) refers to entry2.o(.ARM.Collect$$$$00002712) for __lit__00000000
    entry2.o(.ARM.Collect$$$$00002712) refers to startup_stm32f10x_hd.o(STACK) for __initial_sp
    entry2.o(__vectab_stack_and_reset_area) refers to startup_stm32f10x_hd.o(STACK) for __initial_sp
    entry2.o(__vectab_stack_and_reset_area) refers to entry.o(.ARM.Collect$$$$00000000) for __main
    entry5.o(.ARM.Collect$$$$00000004) refers to init.o(.text) for __scatterload
    entry9a.o(.ARM.Collect$$$$0000000B) refers to main.o(.text) for main
    entry9b.o(.ARM.Collect$$$$0000000C) refers to main.o(.text) for main
    uldiv.o(.text) refers to llushr.o(.text) for __aeabi_llsr
    uldiv.o(.text) refers to llshl.o(.text) for __aeabi_llsl
    depilogue.o(.text) refers to llshl.o(.text) for __aeabi_llsl
    depilogue.o(.text) refers to llushr.o(.text) for __aeabi_llsr
    dadd.o(.text) refers to llshl.o(.text) for __aeabi_llsl
    dadd.o(.text) refers to llsshr.o(.text) for __aeabi_lasr
    dadd.o(.text) refers to depilogue.o(.text) for _double_epilogue
    dfixul.o(.text) refers to llushr.o(.text) for __aeabi_llsr
    dfixul.o(.text) refers to llshl.o(.text) for __aeabi_llsl
    init.o(.text) refers to entry5.o(.ARM.Collect$$$$00000004) for __main_after_scatterload


==============================================================================

Removing Unused input sections from the image.

    Removing spi.o(.text), (360 bytes).
    Removing sys.o(.emb_text), (6 bytes).
    Removing sys.o(.text), (12 bytes).
    Removing usart.o(.text), (28 bytes).
    Removing usart.o(.bss), (200 bytes).
    Removing usart.o(.data), (6 bytes).
    Removing core_cm3.o(.emb_text), (32 bytes).
    Removing stm32f10x_fsmc.o(.text), (1548 bytes).
    Removing stm32f10x_spi.o(.text), (780 bytes).
    Removing stm32f10x_dma.o(.text), (596 bytes).
    Removing stm32f10x_flash.o(.text), (1468 bytes).

11 unused section(s) (total 5036 bytes) removed from the image.

==============================================================================

Image Symbol Table

    Local Symbols

    Symbol Name                              Value     Ov Type        Size  Object(Section)

    ../clib/microlib/division.c              0x00000000   Number         0  uldiv.o ABSOLUTE
    ../clib/microlib/division.c              0x00000000   Number         0  uidiv.o ABSOLUTE
    ../clib/microlib/init/entry.s            0x00000000   Number         0  entry8b.o ABSOLUTE
    ../clib/microlib/init/entry.s            0x00000000   Number         0  entry.o ABSOLUTE
    ../clib/microlib/init/entry.s            0x00000000   Number         0  entry5.o ABSOLUTE
    ../clib/microlib/init/entry.s            0x00000000   Number         0  entry10a.o ABSOLUTE
    ../clib/microlib/init/entry.s            0x00000000   Number         0  entry9b.o ABSOLUTE
    ../clib/microlib/init/entry.s            0x00000000   Number         0  entry9a.o ABSOLUTE
    ../clib/microlib/init/entry.s            0x00000000   Number         0  entry7a.o ABSOLUTE
    ../clib/microlib/init/entry.s            0x00000000   Number         0  entry10b.o ABSOLUTE
    ../clib/microlib/init/entry.s            0x00000000   Number         0  entry11b.o ABSOLUTE
    ../clib/microlib/init/entry.s            0x00000000   Number         0  entry8a.o ABSOLUTE
    ../clib/microlib/init/entry.s            0x00000000   Number         0  entry11a.o ABSOLUTE
    ../clib/microlib/init/entry.s            0x00000000   Number         0  entry7b.o ABSOLUTE
    ../clib/microlib/init/entry.s            0x00000000   Number         0  entry2.o ABSOLUTE
    ../clib/microlib/longlong.c              0x00000000   Number         0  llushr.o ABSOLUTE
    ../clib/microlib/longlong.c              0x00000000   Number         0  llsshr.o ABSOLUTE
    ../clib/microlib/longlong.c              0x00000000   Number         0  llshl.o ABSOLUTE
    ../clib/microlib/malloc/malloc.c         0x00000000   Number         0  mallocr.o ABSOLUTE
    ../clib/microlib/malloc/malloc.c         0x00000000   Number         0  malloca.o ABSOLUTE
    ../clib/microlib/malloc/malloc.c         0x00000000   Number         0  mallocra.o ABSOLUTE
    ../clib/microlib/malloc/malloc.c         0x00000000   Number         0  malloc.o ABSOLUTE
    ../clib/microlib/malloc/mvars.c          0x00000000   Number         0  mvars.o ABSOLUTE
    ../clib/microlib/printf/printf.c         0x00000000   Number         0  printfa.o ABSOLUTE
    ../clib/microlib/string/memcpy.c         0x00000000   Number         0  memcpya.o ABSOLUTE
    ../clib/microlib/string/memcpy.c         0x00000000   Number         0  memcpyb.o ABSOLUTE
    ../clib/microlib/string/memset.c         0x00000000   Number         0  memseta.o ABSOLUTE
    ../clib/microlib/string/strcmp.c         0x00000000   Number         0  strcmp.o ABSOLUTE
    ../clib/microlib/stubs.s                 0x00000000   Number         0  useno.o ABSOLUTE
    ../clib/microlib/stubs.s                 0x00000000   Number         0  iusefp.o ABSOLUTE
    ../fplib/microlib/fpadd.c                0x00000000   Number         0  dadd.o ABSOLUTE
    ../fplib/microlib/fpdiv.c                0x00000000   Number         0  ddiv.o ABSOLUTE
    ../fplib/microlib/fpepilogue.c           0x00000000   Number         0  depilogue.o ABSOLUTE
    ../fplib/microlib/fpfix.c                0x00000000   Number         0  dfixul.o ABSOLUTE
    ../fplib/microlib/fpfix.c                0x00000000   Number         0  dfixi.o ABSOLUTE
    ../fplib/microlib/fpflt.c                0x00000000   Number         0  dflti.o ABSOLUTE
    ../fplib/microlib/fpmul.c                0x00000000   Number         0  dmul.o ABSOLUTE
    ..\CORE\core_cm3.c                       0x00000000   Number         0  core_cm3.o ABSOLUTE
    ..\CORE\startup_stm32f10x_hd.s           0x00000000   Number         0  startup_stm32f10x_hd.o ABSOLUTE
    ..\HARDWARE\List\list.c                  0x00000000   Number         0  list.o ABSOLUTE
    ..\HARDWARE\SPI\spi.c                    0x00000000   Number         0  spi.o ABSOLUTE
    ..\HARDWARE\TIM\time.c                   0x00000000   Number         0  time.o ABSOLUTE
    ..\HARDWARE\can\can.c                    0x00000000   Number         0  can.o ABSOLUTE
    ..\HARDWARE\cmd\cmd.c                    0x00000000   Number         0  cmd.o ABSOLUTE
    ..\HARDWARE\global.c                     0x00000000   Number         0  global.o ABSOLUTE
    ..\HARDWARE\queue\circleQueue.c          0x00000000   Number         0  circlequeue.o ABSOLUTE
    ..\STM32F10x_FWLib\src\misc.c            0x00000000   Number         0  misc.o ABSOLUTE
    ..\STM32F10x_FWLib\src\stm32f10x_can.c   0x00000000   Number         0  stm32f10x_can.o ABSOLUTE
    ..\STM32F10x_FWLib\src\stm32f10x_dma.c   0x00000000   Number         0  stm32f10x_dma.o ABSOLUTE
    ..\STM32F10x_FWLib\src\stm32f10x_exti.c  0x00000000   Number         0  stm32f10x_exti.o ABSOLUTE
    ..\STM32F10x_FWLib\src\stm32f10x_flash.c 0x00000000   Number         0  stm32f10x_flash.o ABSOLUTE
    ..\STM32F10x_FWLib\src\stm32f10x_fsmc.c  0x00000000   Number         0  stm32f10x_fsmc.o ABSOLUTE
    ..\STM32F10x_FWLib\src\stm32f10x_gpio.c  0x00000000   Number         0  stm32f10x_gpio.o ABSOLUTE
    ..\STM32F10x_FWLib\src\stm32f10x_rcc.c   0x00000000   Number         0  stm32f10x_rcc.o ABSOLUTE
    ..\STM32F10x_FWLib\src\stm32f10x_spi.c   0x00000000   Number         0  stm32f10x_spi.o ABSOLUTE
    ..\STM32F10x_FWLib\src\stm32f10x_tim.c   0x00000000   Number         0  stm32f10x_tim.o ABSOLUTE
    ..\STM32F10x_FWLib\src\stm32f10x_usart.c 0x00000000   Number         0  stm32f10x_usart.o ABSOLUTE
    ..\SYSTEM\delay\delay.c                  0x00000000   Number         0  delay.o ABSOLUTE
    ..\SYSTEM\sys\sys.c                      0x00000000   Number         0  sys.o ABSOLUTE
    ..\SYSTEM\usart\usart.c                  0x00000000   Number         0  usart.o ABSOLUTE
    ..\\CORE\\core_cm3.c                     0x00000000   Number         0  core_cm3.o ABSOLUTE
    ..\\SYSTEM\\sys\\sys.c                   0x00000000   Number         0  sys.o ABSOLUTE
    cdcmple.s                                0x00000000   Number         0  cdcmple.o ABSOLUTE
    cdrcmple.s                               0x00000000   Number         0  cdrcmple.o ABSOLUTE
    dc.s                                     0x00000000   Number         0  dc.o ABSOLUTE
    handlers.s                               0x00000000   Number         0  handlers.o ABSOLUTE
    init.s                                   0x00000000   Number         0  init.o ABSOLUTE
    main.c                                   0x00000000   Number         0  main.o ABSOLUTE
    stm32f10x_it.c                           0x00000000   Number         0  stm32f10x_it.o ABSOLUTE
    system_stm32f10x.c                       0x00000000   Number         0  system_stm32f10x.o ABSOLUTE
    usart_u.c                                0x00000000   Number         0  usart_u.o ABSOLUTE
    RESET                                    0x08000000   Section      304  startup_stm32f10x_hd.o(RESET)
    .ARM.Collect$$$$00000000                 0x08000130   Section        0  entry.o(.ARM.Collect$$$$00000000)
    .ARM.Collect$$$$00000001                 0x08000130   Section        4  entry2.o(.ARM.Collect$$$$00000001)
    .ARM.Collect$$$$00000004                 0x08000134   Section        4  entry5.o(.ARM.Collect$$$$00000004)
    .ARM.Collect$$$$00000008                 0x08000138   Section        0  entry7b.o(.ARM.Collect$$$$00000008)
    .ARM.Collect$$$$0000000A                 0x08000138   Section        0  entry8b.o(.ARM.Collect$$$$0000000A)
    .ARM.Collect$$$$0000000B                 0x08000138   Section        8  entry9a.o(.ARM.Collect$$$$0000000B)
    .ARM.Collect$$$$0000000D                 0x08000140   Section        0  entry10a.o(.ARM.Collect$$$$0000000D)
    .ARM.Collect$$$$0000000F                 0x08000140   Section        0  entry11a.o(.ARM.Collect$$$$0000000F)
    .ARM.Collect$$$$00002712                 0x08000140   Section        4  entry2.o(.ARM.Collect$$$$00002712)
    __lit__00000000                          0x08000140   Data           4  entry2.o(.ARM.Collect$$$$00002712)
    .text                                    0x08000144   Section        0  main.o(.text)
    .text                                    0x08000368   Section        0  stm32f10x_it.o(.text)
    .text                                    0x08000384   Section        0  system_stm32f10x.o(.text)
    SetSysClockTo72                          0x08000385   Thumb Code   214  system_stm32f10x.o(.text)
    SetSysClock                              0x0800045b   Thumb Code     8  system_stm32f10x.o(.text)
    .text                                    0x08000564   Section        0  usart_u.o(.text)
    .text                                    0x080007a8   Section        0  can.o(.text)
    .text                                    0x080009b4   Section        0  cmd.o(.text)
    .text                                    0x08000cb8   Section        0  time.o(.text)
    .text                                    0x08001740   Section        0  global.o(.text)
    .text                                    0x08001e4c   Section        0  delay.o(.text)
    .text                                    0x08001f20   Section       36  startup_stm32f10x_hd.o(.text)
    .text                                    0x08001f44   Section        0  misc.o(.text)
    .text                                    0x08002020   Section        0  stm32f10x_gpio.o(.text)
    .text                                    0x0800237c   Section        0  stm32f10x_rcc.o(.text)
    .text                                    0x08002720   Section        0  stm32f10x_tim.o(.text)
    TI4_Config                               0x08002bc7   Thumb Code   130  stm32f10x_tim.o(.text)
    TI3_Config                               0x08002c5b   Thumb Code   122  stm32f10x_tim.o(.text)
    TI2_Config                               0x08002cef   Thumb Code   130  stm32f10x_tim.o(.text)
    TI1_Config                               0x08002d83   Thumb Code   108  stm32f10x_tim.o(.text)
    .text                                    0x0800353c   Section        0  stm32f10x_usart.o(.text)
    .text                                    0x08003944   Section        0  stm32f10x_exti.o(.text)
    .text                                    0x08003a60   Section        0  stm32f10x_can.o(.text)
    CheckITStatus                            0x08004263   Thumb Code    18  stm32f10x_can.o(.text)
    .text                                    0x08004450   Section        0  memcpya.o(.text)
    .text                                    0x08004474   Section        0  memseta.o(.text)
    .text                                    0x08004498   Section        0  strcmp.o(.text)
    .text                                    0x080044b4   Section        0  dmul.o(.text)
    .text                                    0x08004598   Section        0  ddiv.o(.text)
    .text                                    0x08004676   Section        0  dflti.o(.text)
    .text                                    0x08004698   Section        0  dfixi.o(.text)
    .text                                    0x080046d8   Section       48  cdcmple.o(.text)
    .text                                    0x08004708   Section        0  uidiv.o(.text)
    .text                                    0x08004734   Section        0  uldiv.o(.text)
    .text                                    0x08004796   Section        0  llushr.o(.text)
    .text                                    0x080047b6   Section        0  iusefp.o(.text)
    .text                                    0x080047b6   Section        0  depilogue.o(.text)
    .text                                    0x08004870   Section        0  dadd.o(.text)
    .text                                    0x080049be   Section        0  dfixul.o(.text)
    .text                                    0x080049f0   Section       48  cdrcmple.o(.text)
    .text                                    0x08004a20   Section       36  init.o(.text)
    .text                                    0x08004a44   Section        0  llshl.o(.text)
    .text                                    0x08004a62   Section        0  llsshr.o(.text)
    i.__0vsnprintf                           0x08004a88   Section        0  printfa.o(i.__0vsnprintf)
    i.__scatterload_copy                     0x08004aac   Section       14  handlers.o(i.__scatterload_copy)
    i.__scatterload_null                     0x08004aba   Section        2  handlers.o(i.__scatterload_null)
    i.__scatterload_zeroinit                 0x08004abc   Section       14  handlers.o(i.__scatterload_zeroinit)
    i._fp_digits                             0x08004acc   Section        0  printfa.o(i._fp_digits)
    _fp_digits                               0x08004acd   Thumb Code   334  printfa.o(i._fp_digits)
    i._printf_core                           0x08004c30   Section        0  printfa.o(i._printf_core)
    _printf_core                             0x08004c31   Thumb Code  1744  printfa.o(i._printf_core)
    i._printf_post_padding                   0x0800530c   Section        0  printfa.o(i._printf_post_padding)
    _printf_post_padding                     0x0800530d   Thumb Code    36  printfa.o(i._printf_post_padding)
    i._printf_pre_padding                    0x08005330   Section        0  printfa.o(i._printf_pre_padding)
    _printf_pre_padding                      0x08005331   Thumb Code    46  printfa.o(i._printf_pre_padding)
    i._snputc                                0x0800535e   Section        0  printfa.o(i._snputc)
    _snputc                                  0x0800535f   Thumb Code    22  printfa.o(i._snputc)
    i.malloc                                 0x08005374   Section        0  malloc.o(i.malloc)
    .conststring                             0x080053e0   Section       25  main.o(.conststring)
    .conststring                             0x080053fc   Section       78  can.o(.conststring)
    .conststrlit                             0x0800544c   Section        6  main.o(.conststrlit)
    .data                                    0x20000000   Section       40  main.o(.data)
    .data                                    0x20000028   Section       20  system_stm32f10x.o(.data)
    .data                                    0x2000003c   Section       16  can.o(.data)
    msg_rcv_callback                         0x2000003c   Data           4  can.o(.data)
    .data                                    0x2000004c   Section       60  cmd.o(.data)
    cmd_tbl                                  0x2000004c   Data          48  cmd.o(.data)
    CMD_USARTx                               0x2000007c   Data           4  cmd.o(.data)
    cmd_line_index                           0x20000080   Data           4  cmd.o(.data)
    cmd_line_length                          0x20000084   Data           4  cmd.o(.data)
    .data                                    0x20000088   Section       28  time.o(.data)
    .data                                    0x200000a4   Section        8  global.o(.data)
    .data                                    0x200000ac   Section        4  delay.o(.data)
    fac_us                                   0x200000ac   Data           1  delay.o(.data)
    fac_ms                                   0x200000ae   Data           2  delay.o(.data)
    .data                                    0x200000b0   Section       20  stm32f10x_rcc.o(.data)
    APBAHBPrescTable                         0x200000b0   Data          16  stm32f10x_rcc.o(.data)
    ADCPrescTable                            0x200000c0   Data           4  stm32f10x_rcc.o(.data)
    .data                                    0x200000c4   Section        4  mvars.o(.data)
    .data                                    0x200000c8   Section        4  mvars.o(.data)
    .bss                                     0x200000cc   Section       20  can.o(.bss)
    g_can_rx_msg                             0x200000cc   Data          20  can.o(.bss)
    .bss                                     0x200000e0   Section      112  cmd.o(.bss)
    cmd_line_3                               0x200000e0   Data          33  cmd.o(.bss)
    cmd_argv_3                               0x20000104   Data          20  cmd.o(.bss)
    cmd_line_1                               0x20000118   Data          33  cmd.o(.bss)
    cmd_argv_1                               0x2000013c   Data          20  cmd.o(.bss)
    .bss                                     0x20000150   Section       64  time.o(.bss)
    .bss                                     0x20000190   Section      156  global.o(.bss)
    HEAP                                     0x20000230   Section     3840  startup_stm32f10x_hd.o(HEAP)
    STACK                                    0x20001130   Section     3840  startup_stm32f10x_hd.o(STACK)

    Global Symbols

    Symbol Name                              Value     Ov Type        Size  Object(Section)

    BuildAttributes$$THM_ISAv4$P$D$K$B$S$PE$A:L22UL41UL21$X:L11$S22US41US21$IEEE1$IW$USESV6$~STKCKD$USESV7$~SHL$OSPACE$ROPI$EBA8$MICROLIB$REQ8$PRES8$EABIv2 0x00000000   Number         0  anon$$obj.o ABSOLUTE
    __ARM_use_no_argv                        0x00000000   Number         0  main.o ABSOLUTE
    __use_no_errno                           0x00000000   Number         0  useno.o ABSOLUTE
    __use_no_exception_handling              0x00000000   Number         0  useno.o ABSOLUTE
    __use_no_fp                              0x00000000   Number         0  useno.o ABSOLUTE
    __use_no_heap                            0x00000000   Number         0  useno.o ABSOLUTE
    __use_no_heap_region                     0x00000000   Number         0  useno.o ABSOLUTE
    __use_no_semihosting                     0x00000000   Number         0  useno.o ABSOLUTE
    __use_no_semihosting_swi                 0x00000000   Number         0  useno.o ABSOLUTE
    __use_no_signal_handling                 0x00000000   Number         0  useno.o ABSOLUTE
    __cpp_initialize__aeabi_                  - Undefined Weak Reference
    __cxa_finalize                            - Undefined Weak Reference
    __decompress                              - Undefined Weak Reference
    _clock_init                               - Undefined Weak Reference
    _microlib_exit                            - Undefined Weak Reference
    __Vectors_Size                           0x00000130   Number         0  startup_stm32f10x_hd.o ABSOLUTE
    __Vectors                                0x08000000   Data           4  startup_stm32f10x_hd.o(RESET)
    __Vectors_End                            0x08000130   Data           0  startup_stm32f10x_hd.o(RESET)
    __main                                   0x08000131   Thumb Code     0  entry.o(.ARM.Collect$$$$00000000)
    _main_stk                                0x08000131   Thumb Code     0  entry2.o(.ARM.Collect$$$$00000001)
    _main_scatterload                        0x08000135   Thumb Code     0  entry5.o(.ARM.Collect$$$$00000004)
    __main_after_scatterload                 0x08000139   Thumb Code     0  entry5.o(.ARM.Collect$$$$00000004)
    _main_clock                              0x08000139   Thumb Code     0  entry7b.o(.ARM.Collect$$$$00000008)
    _main_cpp_init                           0x08000139   Thumb Code     0  entry8b.o(.ARM.Collect$$$$0000000A)
    _main_init                               0x08000139   Thumb Code     0  entry9a.o(.ARM.Collect$$$$0000000B)
    __rt_final_cpp                           0x08000141   Thumb Code     0  entry10a.o(.ARM.Collect$$$$0000000D)
    __rt_final_exit                          0x08000141   Thumb Code     0  entry11a.o(.ARM.Collect$$$$0000000F)
    Rcc_init                                 0x08000145   Thumb Code    92  main.o(.text)
    video_Init                               0x080001a1   Thumb Code    84  main.o(.text)
    main                                     0x080001f5   Thumb Code   278  main.o(.text)
    NMI_Handler                              0x08000369   Thumb Code     2  stm32f10x_it.o(.text)
    HardFault_Handler                        0x0800036b   Thumb Code     4  stm32f10x_it.o(.text)
    MemManage_Handler                        0x0800036f   Thumb Code     4  stm32f10x_it.o(.text)
    BusFault_Handler                         0x08000373   Thumb Code     4  stm32f10x_it.o(.text)
    UsageFault_Handler                       0x08000377   Thumb Code     4  stm32f10x_it.o(.text)
    SVC_Handler                              0x0800037b   Thumb Code     2  stm32f10x_it.o(.text)
    DebugMon_Handler                         0x0800037d   Thumb Code     2  stm32f10x_it.o(.text)
    PendSV_Handler                           0x0800037f   Thumb Code     2  stm32f10x_it.o(.text)
    SysTick_Handler                          0x08000381   Thumb Code     2  stm32f10x_it.o(.text)
    SystemInit                               0x08000463   Thumb Code    78  system_stm32f10x.o(.text)
    SystemCoreClockUpdate                    0x080004b1   Thumb Code   142  system_stm32f10x.o(.text)
    Usart_init                               0x08000565   Thumb Code   338  usart_u.o(.text)
    USART2_IRQHandler                        0x080006b7   Thumb Code    36  usart_u.o(.text)
    uprintf                                  0x080006db   Thumb Code   138  usart_u.o(.text)
    hexPrintf                                0x08000765   Thumb Code    48  usart_u.o(.text)
    can_nvic_config                          0x080007a9   Thumb Code    32  can.o(.text)
    can_gpio_config                          0x080007c9   Thumb Code    54  can.o(.text)
    can_init                                 0x080007ff   Thumb Code   234  can.o(.text)
    can_add_callback                         0x080008e9   Thumb Code    30  can.o(.text)
    can_send_msg                             0x08000907   Thumb Code   110  can.o(.text)
    USB_LP_CAN1_RX0_IRQHandler               0x08000975   Thumb Code    32  can.o(.text)
    cmd_init                                 0x080009b5   Thumb Code    38  cmd.o(.text)
    cmd_parse                                0x080009db   Thumb Code   136  cmd.o(.text)
    cmd_exec                                 0x08000a63   Thumb Code    82  cmd.o(.text)
    USART3_IRQHandler                        0x08000ab5   Thumb Code   318  cmd.o(.text)
    cmd_help_func                            0x08000bf3   Thumb Code    74  cmd.o(.text)
    TIM2_init                                0x08000cb9   Thumb Code   110  time.o(.text)
    SteerInit                                0x08000d27   Thumb Code   756  time.o(.text)
    gotoPWDWrong                             0x0800101b   Thumb Code    70  time.o(.text)
    TIM2_IRQHandler                          0x08001061   Thumb Code   682  time.o(.text)
    MotorInit                                0x0800130b   Thumb Code   440  time.o(.text)
    getNum                                   0x080014c3   Thumb Code    52  time.o(.text)
    getGroupBits                             0x080014f7   Thumb Code    18  time.o(.text)
    getChannelBits                           0x08001509   Thumb Code    22  time.o(.text)
    setMotor                                 0x0800151f   Thumb Code   528  time.o(.text)
    _gpio_init                               0x08001741   Thumb Code    32  global.o(.text)
    IO_Init                                  0x08001761   Thumb Code   512  global.o(.text)
    set_relay                                0x08001961   Thumb Code   134  global.o(.text)
    set_light                                0x080019e7   Thumb Code   250  global.o(.text)
    PWDReset                                 0x08001ae1   Thumb Code    18  global.o(.text)
    getOffest                                0x08001af3   Thumb Code    36  global.o(.text)
    getSign                                  0x08001b17   Thumb Code   262  global.o(.text)
    EXTI0_IRQHandler                         0x08001c1d   Thumb Code    56  global.o(.text)
    set_gigh                                 0x08001c55   Thumb Code    10  global.o(.text)
    EXTI1_IRQHandler                         0x08001c5f   Thumb Code    52  global.o(.text)
    EXTI2_IRQHandler                         0x08001c93   Thumb Code    52  global.o(.text)
    EXTI3_IRQHandler                         0x08001cc7   Thumb Code    52  global.o(.text)
    EXTI4_IRQHandler                         0x08001cfb   Thumb Code    52  global.o(.text)
    EXTI9_5_IRQHandler                       0x08001d2f   Thumb Code   244  global.o(.text)
    delay_init                               0x08001e4d   Thumb Code    50  delay.o(.text)
    delay_us                                 0x08001e7f   Thumb Code    72  delay.o(.text)
    delay_ms                                 0x08001ec7   Thumb Code    72  delay.o(.text)
    Reset_Handler                            0x08001f21   Thumb Code     8  startup_stm32f10x_hd.o(.text)
    ADC1_2_IRQHandler                        0x08001f3b   Thumb Code     0  startup_stm32f10x_hd.o(.text)
    ADC3_IRQHandler                          0x08001f3b   Thumb Code     0  startup_stm32f10x_hd.o(.text)
    CAN1_RX1_IRQHandler                      0x08001f3b   Thumb Code     0  startup_stm32f10x_hd.o(.text)
    CAN1_SCE_IRQHandler                      0x08001f3b   Thumb Code     0  startup_stm32f10x_hd.o(.text)
    DMA1_Channel1_IRQHandler                 0x08001f3b   Thumb Code     0  startup_stm32f10x_hd.o(.text)
    DMA1_Channel2_IRQHandler                 0x08001f3b   Thumb Code     0  startup_stm32f10x_hd.o(.text)
    DMA1_Channel3_IRQHandler                 0x08001f3b   Thumb Code     0  startup_stm32f10x_hd.o(.text)
    DMA1_Channel4_IRQHandler                 0x08001f3b   Thumb Code     0  startup_stm32f10x_hd.o(.text)
    DMA1_Channel5_IRQHandler                 0x08001f3b   Thumb Code     0  startup_stm32f10x_hd.o(.text)
    DMA1_Channel6_IRQHandler                 0x08001f3b   Thumb Code     0  startup_stm32f10x_hd.o(.text)
    DMA1_Channel7_IRQHandler                 0x08001f3b   Thumb Code     0  startup_stm32f10x_hd.o(.text)
    DMA2_Channel1_IRQHandler                 0x08001f3b   Thumb Code     0  startup_stm32f10x_hd.o(.text)
    DMA2_Channel2_IRQHandler                 0x08001f3b   Thumb Code     0  startup_stm32f10x_hd.o(.text)
    DMA2_Channel3_IRQHandler                 0x08001f3b   Thumb Code     0  startup_stm32f10x_hd.o(.text)
    DMA2_Channel4_5_IRQHandler               0x08001f3b   Thumb Code     0  startup_stm32f10x_hd.o(.text)
    EXTI15_10_IRQHandler                     0x08001f3b   Thumb Code     0  startup_stm32f10x_hd.o(.text)
    FLASH_IRQHandler                         0x08001f3b   Thumb Code     0  startup_stm32f10x_hd.o(.text)
    FSMC_IRQHandler                          0x08001f3b   Thumb Code     0  startup_stm32f10x_hd.o(.text)
    I2C1_ER_IRQHandler                       0x08001f3b   Thumb Code     0  startup_stm32f10x_hd.o(.text)
    I2C1_EV_IRQHandler                       0x08001f3b   Thumb Code     0  startup_stm32f10x_hd.o(.text)
    I2C2_ER_IRQHandler                       0x08001f3b   Thumb Code     0  startup_stm32f10x_hd.o(.text)
    I2C2_EV_IRQHandler                       0x08001f3b   Thumb Code     0  startup_stm32f10x_hd.o(.text)
    PVD_IRQHandler                           0x08001f3b   Thumb Code     0  startup_stm32f10x_hd.o(.text)
    RCC_IRQHandler                           0x08001f3b   Thumb Code     0  startup_stm32f10x_hd.o(.text)
    RTCAlarm_IRQHandler                      0x08001f3b   Thumb Code     0  startup_stm32f10x_hd.o(.text)
    RTC_IRQHandler                           0x08001f3b   Thumb Code     0  startup_stm32f10x_hd.o(.text)
    SDIO_IRQHandler                          0x08001f3b   Thumb Code     0  startup_stm32f10x_hd.o(.text)
    SPI1_IRQHandler                          0x08001f3b   Thumb Code     0  startup_stm32f10x_hd.o(.text)
    SPI2_IRQHandler                          0x08001f3b   Thumb Code     0  startup_stm32f10x_hd.o(.text)
    SPI3_IRQHandler                          0x08001f3b   Thumb Code     0  startup_stm32f10x_hd.o(.text)
    TAMPER_IRQHandler                        0x08001f3b   Thumb Code     0  startup_stm32f10x_hd.o(.text)
    TIM1_BRK_IRQHandler                      0x08001f3b   Thumb Code     0  startup_stm32f10x_hd.o(.text)
    TIM1_CC_IRQHandler                       0x08001f3b   Thumb Code     0  startup_stm32f10x_hd.o(.text)
    TIM1_TRG_COM_IRQHandler                  0x08001f3b   Thumb Code     0  startup_stm32f10x_hd.o(.text)
    TIM1_UP_IRQHandler                       0x08001f3b   Thumb Code     0  startup_stm32f10x_hd.o(.text)
    TIM3_IRQHandler                          0x08001f3b   Thumb Code     0  startup_stm32f10x_hd.o(.text)
    TIM4_IRQHandler                          0x08001f3b   Thumb Code     0  startup_stm32f10x_hd.o(.text)
    TIM5_IRQHandler                          0x08001f3b   Thumb Code     0  startup_stm32f10x_hd.o(.text)
    TIM6_IRQHandler                          0x08001f3b   Thumb Code     0  startup_stm32f10x_hd.o(.text)
    TIM7_IRQHandler                          0x08001f3b   Thumb Code     0  startup_stm32f10x_hd.o(.text)
    TIM8_BRK_IRQHandler                      0x08001f3b   Thumb Code     0  startup_stm32f10x_hd.o(.text)
    TIM8_CC_IRQHandler                       0x08001f3b   Thumb Code     0  startup_stm32f10x_hd.o(.text)
    TIM8_TRG_COM_IRQHandler                  0x08001f3b   Thumb Code     0  startup_stm32f10x_hd.o(.text)
    TIM8_UP_IRQHandler                       0x08001f3b   Thumb Code     0  startup_stm32f10x_hd.o(.text)
    UART4_IRQHandler                         0x08001f3b   Thumb Code     0  startup_stm32f10x_hd.o(.text)
    UART5_IRQHandler                         0x08001f3b   Thumb Code     0  startup_stm32f10x_hd.o(.text)
    USART1_IRQHandler                        0x08001f3b   Thumb Code     0  startup_stm32f10x_hd.o(.text)
    USBWakeUp_IRQHandler                     0x08001f3b   Thumb Code     0  startup_stm32f10x_hd.o(.text)
    USB_HP_CAN1_TX_IRQHandler                0x08001f3b   Thumb Code     0  startup_stm32f10x_hd.o(.text)
    WWDG_IRQHandler                          0x08001f3b   Thumb Code     0  startup_stm32f10x_hd.o(.text)
    NVIC_PriorityGroupConfig                 0x08001f45   Thumb Code    10  misc.o(.text)
    NVIC_Init                                0x08001f4f   Thumb Code   100  misc.o(.text)
    NVIC_SetVectorTable                      0x08001fb3   Thumb Code    14  misc.o(.text)
    NVIC_SystemLPConfig                      0x08001fc1   Thumb Code    34  misc.o(.text)
    SysTick_CLKSourceConfig                  0x08001fe3   Thumb Code    40  misc.o(.text)
    GPIO_DeInit                              0x08002021   Thumb Code   172  stm32f10x_gpio.o(.text)
    GPIO_AFIODeInit                          0x080020cd   Thumb Code    20  stm32f10x_gpio.o(.text)
    GPIO_Init                                0x080020e1   Thumb Code   278  stm32f10x_gpio.o(.text)
    GPIO_StructInit                          0x080021f7   Thumb Code    16  stm32f10x_gpio.o(.text)
    GPIO_ReadInputDataBit                    0x08002207   Thumb Code    18  stm32f10x_gpio.o(.text)
    GPIO_ReadInputData                       0x08002219   Thumb Code     8  stm32f10x_gpio.o(.text)
    GPIO_ReadOutputDataBit                   0x08002221   Thumb Code    18  stm32f10x_gpio.o(.text)
    GPIO_ReadOutputData                      0x08002233   Thumb Code     8  stm32f10x_gpio.o(.text)
    GPIO_SetBits                             0x0800223b   Thumb Code     4  stm32f10x_gpio.o(.text)
    GPIO_ResetBits                           0x0800223f   Thumb Code     4  stm32f10x_gpio.o(.text)
    GPIO_WriteBit                            0x08002243   Thumb Code    10  stm32f10x_gpio.o(.text)
    GPIO_Write                               0x0800224d   Thumb Code     4  stm32f10x_gpio.o(.text)
    GPIO_PinLockConfig                       0x08002251   Thumb Code    18  stm32f10x_gpio.o(.text)
    GPIO_EventOutputConfig                   0x08002263   Thumb Code    26  stm32f10x_gpio.o(.text)
    GPIO_EventOutputCmd                      0x0800227d   Thumb Code     6  stm32f10x_gpio.o(.text)
    GPIO_PinRemapConfig                      0x08002283   Thumb Code   138  stm32f10x_gpio.o(.text)
    GPIO_EXTILineConfig                      0x0800230d   Thumb Code    66  stm32f10x_gpio.o(.text)
    GPIO_ETH_MediaInterfaceConfig            0x0800234f   Thumb Code     8  stm32f10x_gpio.o(.text)
    RCC_DeInit                               0x0800237d   Thumb Code    64  stm32f10x_rcc.o(.text)
    RCC_HSEConfig                            0x080023bd   Thumb Code    70  stm32f10x_rcc.o(.text)
    RCC_GetFlagStatus                        0x08002403   Thumb Code    56  stm32f10x_rcc.o(.text)
    RCC_WaitForHSEStartUp                    0x0800243b   Thumb Code    56  stm32f10x_rcc.o(.text)
    RCC_AdjustHSICalibrationValue            0x08002473   Thumb Code    20  stm32f10x_rcc.o(.text)
    RCC_HSICmd                               0x08002487   Thumb Code     6  stm32f10x_rcc.o(.text)
    RCC_PLLConfig                            0x0800248d   Thumb Code    24  stm32f10x_rcc.o(.text)
    RCC_PLLCmd                               0x080024a5   Thumb Code     6  stm32f10x_rcc.o(.text)
    RCC_SYSCLKConfig                         0x080024ab   Thumb Code    18  stm32f10x_rcc.o(.text)
    RCC_GetSYSCLKSource                      0x080024bd   Thumb Code    10  stm32f10x_rcc.o(.text)
    RCC_HCLKConfig                           0x080024c7   Thumb Code    18  stm32f10x_rcc.o(.text)
    RCC_PCLK1Config                          0x080024d9   Thumb Code    18  stm32f10x_rcc.o(.text)
    RCC_PCLK2Config                          0x080024eb   Thumb Code    20  stm32f10x_rcc.o(.text)
    RCC_ITConfig                             0x080024ff   Thumb Code    26  stm32f10x_rcc.o(.text)
    RCC_USBCLKConfig                         0x08002519   Thumb Code     8  stm32f10x_rcc.o(.text)
    RCC_ADCCLKConfig                         0x08002521   Thumb Code    18  stm32f10x_rcc.o(.text)
    RCC_LSEConfig                            0x08002533   Thumb Code    50  stm32f10x_rcc.o(.text)
    RCC_LSICmd                               0x08002565   Thumb Code     6  stm32f10x_rcc.o(.text)
    RCC_RTCCLKConfig                         0x0800256b   Thumb Code    12  stm32f10x_rcc.o(.text)
    RCC_RTCCLKCmd                            0x08002577   Thumb Code     8  stm32f10x_rcc.o(.text)
    RCC_GetClocksFreq                        0x0800257f   Thumb Code   192  stm32f10x_rcc.o(.text)
    RCC_AHBPeriphClockCmd                    0x0800263f   Thumb Code    26  stm32f10x_rcc.o(.text)
    RCC_APB2PeriphClockCmd                   0x08002659   Thumb Code    26  stm32f10x_rcc.o(.text)
    RCC_APB1PeriphClockCmd                   0x08002673   Thumb Code    26  stm32f10x_rcc.o(.text)
    RCC_APB2PeriphResetCmd                   0x0800268d   Thumb Code    26  stm32f10x_rcc.o(.text)
    RCC_APB1PeriphResetCmd                   0x080026a7   Thumb Code    26  stm32f10x_rcc.o(.text)
    RCC_BackupResetCmd                       0x080026c1   Thumb Code     8  stm32f10x_rcc.o(.text)
    RCC_ClockSecuritySystemCmd               0x080026c9   Thumb Code     6  stm32f10x_rcc.o(.text)
    RCC_MCOConfig                            0x080026cf   Thumb Code     6  stm32f10x_rcc.o(.text)
    RCC_ClearFlag                            0x080026d5   Thumb Code    14  stm32f10x_rcc.o(.text)
    RCC_GetITStatus                          0x080026e3   Thumb Code    20  stm32f10x_rcc.o(.text)
    RCC_ClearITPendingBit                    0x080026f7   Thumb Code     6  stm32f10x_rcc.o(.text)
    TIM_DeInit                               0x08002721   Thumb Code   424  stm32f10x_tim.o(.text)
    TIM_TimeBaseInit                         0x080028c9   Thumb Code   122  stm32f10x_tim.o(.text)
    TIM_OC1Init                              0x08002943   Thumb Code   132  stm32f10x_tim.o(.text)
    TIM_OC2Init                              0x080029c7   Thumb Code   154  stm32f10x_tim.o(.text)
    TIM_OC3Init                              0x08002a61   Thumb Code   150  stm32f10x_tim.o(.text)
    TIM_OC4Init                              0x08002af7   Thumb Code   182  stm32f10x_tim.o(.text)
    TIM_SetIC4Prescaler                      0x08002bad   Thumb Code    26  stm32f10x_tim.o(.text)
    TIM_SetIC3Prescaler                      0x08002c49   Thumb Code    18  stm32f10x_tim.o(.text)
    TIM_SetIC2Prescaler                      0x08002cd5   Thumb Code    26  stm32f10x_tim.o(.text)
    TIM_SetIC1Prescaler                      0x08002d71   Thumb Code    18  stm32f10x_tim.o(.text)
    TIM_ICInit                               0x08002def   Thumb Code   150  stm32f10x_tim.o(.text)
    TIM_PWMIConfig                           0x08002e85   Thumb Code   124  stm32f10x_tim.o(.text)
    TIM_BDTRConfig                           0x08002f01   Thumb Code    32  stm32f10x_tim.o(.text)
    TIM_TimeBaseStructInit                   0x08002f21   Thumb Code    18  stm32f10x_tim.o(.text)
    TIM_OCStructInit                         0x08002f33   Thumb Code    20  stm32f10x_tim.o(.text)
    TIM_ICStructInit                         0x08002f47   Thumb Code    18  stm32f10x_tim.o(.text)
    TIM_BDTRStructInit                       0x08002f59   Thumb Code    40  stm32f10x_tim.o(.text)
    TIM_Cmd                                  0x08002f81   Thumb Code    24  stm32f10x_tim.o(.text)
    TIM_CtrlPWMOutputs                       0x08002f99   Thumb Code    30  stm32f10x_tim.o(.text)
    TIM_ITConfig                             0x08002fb7   Thumb Code    18  stm32f10x_tim.o(.text)
    TIM_GenerateEvent                        0x08002fc9   Thumb Code     4  stm32f10x_tim.o(.text)
    TIM_DMAConfig                            0x08002fcd   Thumb Code    10  stm32f10x_tim.o(.text)
    TIM_DMACmd                               0x08002fd7   Thumb Code    18  stm32f10x_tim.o(.text)
    TIM_InternalClockConfig                  0x08002fe9   Thumb Code    12  stm32f10x_tim.o(.text)
    TIM_SelectInputTrigger                   0x08002ff5   Thumb Code    18  stm32f10x_tim.o(.text)
    TIM_ITRxExternalClockConfig              0x08003007   Thumb Code    24  stm32f10x_tim.o(.text)
    TIM_TIxExternalClockConfig               0x0800301f   Thumb Code    62  stm32f10x_tim.o(.text)
    TIM_ETRConfig                            0x0800305d   Thumb Code    28  stm32f10x_tim.o(.text)
    TIM_ETRClockMode1Config                  0x08003079   Thumb Code    54  stm32f10x_tim.o(.text)
    TIM_ETRClockMode2Config                  0x080030af   Thumb Code    32  stm32f10x_tim.o(.text)
    TIM_PrescalerConfig                      0x080030cf   Thumb Code     6  stm32f10x_tim.o(.text)
    TIM_CounterModeConfig                    0x080030d5   Thumb Code    18  stm32f10x_tim.o(.text)
    TIM_EncoderInterfaceConfig               0x080030e7   Thumb Code    66  stm32f10x_tim.o(.text)
    TIM_ForcedOC1Config                      0x08003129   Thumb Code    18  stm32f10x_tim.o(.text)
    TIM_ForcedOC2Config                      0x0800313b   Thumb Code    26  stm32f10x_tim.o(.text)
    TIM_ForcedOC3Config                      0x08003155   Thumb Code    18  stm32f10x_tim.o(.text)
    TIM_ForcedOC4Config                      0x08003167   Thumb Code    26  stm32f10x_tim.o(.text)
    TIM_ARRPreloadConfig                     0x08003181   Thumb Code    24  stm32f10x_tim.o(.text)
    TIM_SelectCOM                            0x08003199   Thumb Code    24  stm32f10x_tim.o(.text)
    TIM_SelectCCDMA                          0x080031b1   Thumb Code    24  stm32f10x_tim.o(.text)
    TIM_CCPreloadControl                     0x080031c9   Thumb Code    24  stm32f10x_tim.o(.text)
    TIM_OC1PreloadConfig                     0x080031e1   Thumb Code    18  stm32f10x_tim.o(.text)
    TIM_OC2PreloadConfig                     0x080031f3   Thumb Code    26  stm32f10x_tim.o(.text)
    TIM_OC3PreloadConfig                     0x0800320d   Thumb Code    18  stm32f10x_tim.o(.text)
    TIM_OC4PreloadConfig                     0x0800321f   Thumb Code    26  stm32f10x_tim.o(.text)
    TIM_OC1FastConfig                        0x08003239   Thumb Code    18  stm32f10x_tim.o(.text)
    TIM_OC2FastConfig                        0x0800324b   Thumb Code    26  stm32f10x_tim.o(.text)
    TIM_OC3FastConfig                        0x08003265   Thumb Code    18  stm32f10x_tim.o(.text)
    TIM_OC4FastConfig                        0x08003277   Thumb Code    26  stm32f10x_tim.o(.text)
    TIM_ClearOC1Ref                          0x08003291   Thumb Code    18  stm32f10x_tim.o(.text)
    TIM_ClearOC2Ref                          0x080032a3   Thumb Code    24  stm32f10x_tim.o(.text)
    TIM_ClearOC3Ref                          0x080032bb   Thumb Code    18  stm32f10x_tim.o(.text)
    TIM_ClearOC4Ref                          0x080032cd   Thumb Code    24  stm32f10x_tim.o(.text)
    TIM_OC1PolarityConfig                    0x080032e5   Thumb Code    18  stm32f10x_tim.o(.text)
    TIM_OC1NPolarityConfig                   0x080032f7   Thumb Code    18  stm32f10x_tim.o(.text)
    TIM_OC2PolarityConfig                    0x08003309   Thumb Code    26  stm32f10x_tim.o(.text)
    TIM_OC2NPolarityConfig                   0x08003323   Thumb Code    26  stm32f10x_tim.o(.text)
    TIM_OC3PolarityConfig                    0x0800333d   Thumb Code    26  stm32f10x_tim.o(.text)
    TIM_OC3NPolarityConfig                   0x08003357   Thumb Code    26  stm32f10x_tim.o(.text)
    TIM_OC4PolarityConfig                    0x08003371   Thumb Code    26  stm32f10x_tim.o(.text)
    TIM_CCxCmd                               0x0800338b   Thumb Code    30  stm32f10x_tim.o(.text)
    TIM_CCxNCmd                              0x080033a9   Thumb Code    30  stm32f10x_tim.o(.text)
    TIM_SelectOCxM                           0x080033c7   Thumb Code    82  stm32f10x_tim.o(.text)
    TIM_UpdateDisableConfig                  0x08003419   Thumb Code    24  stm32f10x_tim.o(.text)
    TIM_UpdateRequestConfig                  0x08003431   Thumb Code    24  stm32f10x_tim.o(.text)
    TIM_SelectHallSensor                     0x08003449   Thumb Code    24  stm32f10x_tim.o(.text)
    TIM_SelectOnePulseMode                   0x08003461   Thumb Code    18  stm32f10x_tim.o(.text)
    TIM_SelectOutputTrigger                  0x08003473   Thumb Code    18  stm32f10x_tim.o(.text)
    TIM_SelectSlaveMode                      0x08003485   Thumb Code    18  stm32f10x_tim.o(.text)
    TIM_SelectMasterSlaveMode                0x08003497   Thumb Code    18  stm32f10x_tim.o(.text)
    TIM_SetCounter                           0x080034a9   Thumb Code     4  stm32f10x_tim.o(.text)
    TIM_SetAutoreload                        0x080034ad   Thumb Code     4  stm32f10x_tim.o(.text)
    TIM_SetCompare1                          0x080034b1   Thumb Code     4  stm32f10x_tim.o(.text)
    TIM_SetCompare2                          0x080034b5   Thumb Code     4  stm32f10x_tim.o(.text)
    TIM_SetCompare3                          0x080034b9   Thumb Code     4  stm32f10x_tim.o(.text)
    TIM_SetCompare4                          0x080034bd   Thumb Code     6  stm32f10x_tim.o(.text)
    TIM_SetClockDivision                     0x080034c3   Thumb Code    18  stm32f10x_tim.o(.text)
    TIM_GetCapture1                          0x080034d5   Thumb Code     6  stm32f10x_tim.o(.text)
    TIM_GetCapture2                          0x080034db   Thumb Code     6  stm32f10x_tim.o(.text)
    TIM_GetCapture3                          0x080034e1   Thumb Code     6  stm32f10x_tim.o(.text)
    TIM_GetCapture4                          0x080034e7   Thumb Code     8  stm32f10x_tim.o(.text)
    TIM_GetCounter                           0x080034ef   Thumb Code     6  stm32f10x_tim.o(.text)
    TIM_GetPrescaler                         0x080034f5   Thumb Code     6  stm32f10x_tim.o(.text)
    TIM_GetFlagStatus                        0x080034fb   Thumb Code    18  stm32f10x_tim.o(.text)
    TIM_ClearFlag                            0x0800350d   Thumb Code     6  stm32f10x_tim.o(.text)
    TIM_GetITStatus                          0x08003513   Thumb Code    34  stm32f10x_tim.o(.text)
    TIM_ClearITPendingBit                    0x08003535   Thumb Code     6  stm32f10x_tim.o(.text)
    USART_DeInit                             0x0800353d   Thumb Code   134  stm32f10x_usart.o(.text)
    USART_Init                               0x080035c3   Thumb Code   210  stm32f10x_usart.o(.text)
    USART_StructInit                         0x08003695   Thumb Code    24  stm32f10x_usart.o(.text)
    USART_ClockInit                          0x080036ad   Thumb Code    34  stm32f10x_usart.o(.text)
    USART_ClockStructInit                    0x080036cf   Thumb Code    12  stm32f10x_usart.o(.text)
    USART_Cmd                                0x080036db   Thumb Code    24  stm32f10x_usart.o(.text)
    USART_ITConfig                           0x080036f3   Thumb Code    74  stm32f10x_usart.o(.text)
    USART_DMACmd                             0x0800373d   Thumb Code    18  stm32f10x_usart.o(.text)
    USART_SetAddress                         0x0800374f   Thumb Code    18  stm32f10x_usart.o(.text)
    USART_WakeUpConfig                       0x08003761   Thumb Code    18  stm32f10x_usart.o(.text)
    USART_ReceiverWakeUpCmd                  0x08003773   Thumb Code    24  stm32f10x_usart.o(.text)
    USART_LINBreakDetectLengthConfig         0x0800378b   Thumb Code    18  stm32f10x_usart.o(.text)
    USART_LINCmd                             0x0800379d   Thumb Code    24  stm32f10x_usart.o(.text)
    USART_SendData                           0x080037b5   Thumb Code     8  stm32f10x_usart.o(.text)
    USART_ReceiveData                        0x080037bd   Thumb Code    10  stm32f10x_usart.o(.text)
    USART_SendBreak                          0x080037c7   Thumb Code    10  stm32f10x_usart.o(.text)
    USART_SetGuardTime                       0x080037d1   Thumb Code    16  stm32f10x_usart.o(.text)
    USART_SetPrescaler                       0x080037e1   Thumb Code    16  stm32f10x_usart.o(.text)
    USART_SmartCardCmd                       0x080037f1   Thumb Code    24  stm32f10x_usart.o(.text)
    USART_SmartCardNACKCmd                   0x08003809   Thumb Code    24  stm32f10x_usart.o(.text)
    USART_HalfDuplexCmd                      0x08003821   Thumb Code    24  stm32f10x_usart.o(.text)
    USART_OverSampling8Cmd                   0x08003839   Thumb Code    22  stm32f10x_usart.o(.text)
    USART_OneBitMethodCmd                    0x0800384f   Thumb Code    24  stm32f10x_usart.o(.text)
    USART_IrDAConfig                         0x08003867   Thumb Code    18  stm32f10x_usart.o(.text)
    USART_IrDACmd                            0x08003879   Thumb Code    24  stm32f10x_usart.o(.text)
    USART_GetFlagStatus                      0x08003891   Thumb Code    26  stm32f10x_usart.o(.text)
    USART_ClearFlag                          0x080038ab   Thumb Code    18  stm32f10x_usart.o(.text)
    USART_GetITStatus                        0x080038bd   Thumb Code    84  stm32f10x_usart.o(.text)
    USART_ClearITPendingBit                  0x08003911   Thumb Code    52  stm32f10x_usart.o(.text)
    EXTI_DeInit                              0x08003945   Thumb Code    28  stm32f10x_exti.o(.text)
    EXTI_Init                                0x08003961   Thumb Code   142  stm32f10x_exti.o(.text)
    EXTI_StructInit                          0x080039ef   Thumb Code    16  stm32f10x_exti.o(.text)
    EXTI_GenerateSWInterrupt                 0x080039ff   Thumb Code    16  stm32f10x_exti.o(.text)
    EXTI_GetFlagStatus                       0x08003a0f   Thumb Code    22  stm32f10x_exti.o(.text)
    EXTI_ClearFlag                           0x08003a25   Thumb Code     8  stm32f10x_exti.o(.text)
    EXTI_GetITStatus                         0x08003a2d   Thumb Code    34  stm32f10x_exti.o(.text)
    EXTI_ClearITPendingBit                   0x08003a4f   Thumb Code     8  stm32f10x_exti.o(.text)
    CAN_DeInit                               0x08003a61   Thumb Code    50  stm32f10x_can.o(.text)
    CAN_Init                                 0x08003a93   Thumb Code   276  stm32f10x_can.o(.text)
    CAN_FilterInit                           0x08003ba7   Thumb Code   258  stm32f10x_can.o(.text)
    CAN_StructInit                           0x08003ca9   Thumb Code    32  stm32f10x_can.o(.text)
    CAN_SlaveStartBank                       0x08003cc9   Thumb Code    48  stm32f10x_can.o(.text)
    CAN_DBGFreeze                            0x08003cf9   Thumb Code    22  stm32f10x_can.o(.text)
    CAN_TTComModeCmd                         0x08003d0f   Thumb Code   118  stm32f10x_can.o(.text)
    CAN_Transmit                             0x08003d85   Thumb Code   304  stm32f10x_can.o(.text)
    CAN_TransmitStatus                       0x08003eb5   Thumb Code   138  stm32f10x_can.o(.text)
    CAN_CancelTransmit                       0x08003f3f   Thumb Code    48  stm32f10x_can.o(.text)
    CAN_Receive                              0x08003f6f   Thumb Code   240  stm32f10x_can.o(.text)
    CAN_FIFORelease                          0x0800405f   Thumb Code    22  stm32f10x_can.o(.text)
    CAN_MessagePending                       0x08004075   Thumb Code    30  stm32f10x_can.o(.text)
    CAN_OperatingModeRequest                 0x08004093   Thumb Code   162  stm32f10x_can.o(.text)
    CAN_Sleep                                0x08004135   Thumb Code    30  stm32f10x_can.o(.text)
    CAN_WakeUp                               0x08004153   Thumb Code    48  stm32f10x_can.o(.text)
    CAN_GetLastErrorCode                     0x08004183   Thumb Code    12  stm32f10x_can.o(.text)
    CAN_GetReceiveErrorCounter               0x0800418f   Thumb Code    10  stm32f10x_can.o(.text)
    CAN_GetLSBTransmitErrorCounter           0x08004199   Thumb Code    12  stm32f10x_can.o(.text)
    CAN_ITConfig                             0x080041a5   Thumb Code    18  stm32f10x_can.o(.text)
    CAN_GetFlagStatus                        0x080041b7   Thumb Code   120  stm32f10x_can.o(.text)
    CAN_ClearFlag                            0x0800422f   Thumb Code    52  stm32f10x_can.o(.text)
    CAN_GetITStatus                          0x08004275   Thumb Code   310  stm32f10x_can.o(.text)
    CAN_ClearITPendingBit                    0x080043ab   Thumb Code   162  stm32f10x_can.o(.text)
    __aeabi_memcpy                           0x08004451   Thumb Code    36  memcpya.o(.text)
    __aeabi_memcpy4                          0x08004451   Thumb Code     0  memcpya.o(.text)
    __aeabi_memcpy8                          0x08004451   Thumb Code     0  memcpya.o(.text)
    __aeabi_memset                           0x08004475   Thumb Code    14  memseta.o(.text)
    __aeabi_memset4                          0x08004475   Thumb Code     0  memseta.o(.text)
    __aeabi_memset8                          0x08004475   Thumb Code     0  memseta.o(.text)
    __aeabi_memclr                           0x08004483   Thumb Code     4  memseta.o(.text)
    __aeabi_memclr4                          0x08004483   Thumb Code     0  memseta.o(.text)
    __aeabi_memclr8                          0x08004483   Thumb Code     0  memseta.o(.text)
    _memset$wrapper                          0x08004487   Thumb Code    18  memseta.o(.text)
    strcmp                                   0x08004499   Thumb Code    28  strcmp.o(.text)
    __aeabi_dmul                             0x080044b5   Thumb Code   228  dmul.o(.text)
    __aeabi_ddiv                             0x08004599   Thumb Code   222  ddiv.o(.text)
    __aeabi_i2d                              0x08004677   Thumb Code    34  dflti.o(.text)
    __aeabi_d2iz                             0x08004699   Thumb Code    62  dfixi.o(.text)
    __aeabi_cdcmpeq                          0x080046d9   Thumb Code     0  cdcmple.o(.text)
    __aeabi_cdcmple                          0x080046d9   Thumb Code    48  cdcmple.o(.text)
    __aeabi_uidiv                            0x08004709   Thumb Code     0  uidiv.o(.text)
    __aeabi_uidivmod                         0x08004709   Thumb Code    44  uidiv.o(.text)
    __aeabi_uldivmod                         0x08004735   Thumb Code    98  uldiv.o(.text)
    __aeabi_llsr                             0x08004797   Thumb Code    32  llushr.o(.text)
    _ll_ushift_r                             0x08004797   Thumb Code     0  llushr.o(.text)
    __I$use$fp                               0x080047b7   Thumb Code     0  iusefp.o(.text)
    _double_round                            0x080047b7   Thumb Code    30  depilogue.o(.text)
    _double_epilogue                         0x080047d5   Thumb Code   156  depilogue.o(.text)
    __aeabi_dadd                             0x08004871   Thumb Code   322  dadd.o(.text)
    __aeabi_dsub                             0x080049b3   Thumb Code     6  dadd.o(.text)
    __aeabi_drsub                            0x080049b9   Thumb Code     6  dadd.o(.text)
    __aeabi_d2ulz                            0x080049bf   Thumb Code    48  dfixul.o(.text)
    __aeabi_cdrcmple                         0x080049f1   Thumb Code    48  cdrcmple.o(.text)
    __scatterload                            0x08004a21   Thumb Code    28  init.o(.text)
    __scatterload_rt2                        0x08004a21   Thumb Code     0  init.o(.text)
    __aeabi_llsl                             0x08004a45   Thumb Code    30  llshl.o(.text)
    _ll_shift_l                              0x08004a45   Thumb Code     0  llshl.o(.text)
    __aeabi_lasr                             0x08004a63   Thumb Code    36  llsshr.o(.text)
    _ll_sshift_r                             0x08004a63   Thumb Code     0  llsshr.o(.text)
    __0vsnprintf                             0x08004a89   Thumb Code    32  printfa.o(i.__0vsnprintf)
    __1vsnprintf                             0x08004a89   Thumb Code     0  printfa.o(i.__0vsnprintf)
    __2vsnprintf                             0x08004a89   Thumb Code     0  printfa.o(i.__0vsnprintf)
    __c89vsnprintf                           0x08004a89   Thumb Code     0  printfa.o(i.__0vsnprintf)
    vsnprintf                                0x08004a89   Thumb Code     0  printfa.o(i.__0vsnprintf)
    __scatterload_copy                       0x08004aad   Thumb Code    14  handlers.o(i.__scatterload_copy)
    __scatterload_null                       0x08004abb   Thumb Code     2  handlers.o(i.__scatterload_null)
    __scatterload_zeroinit                   0x08004abd   Thumb Code    14  handlers.o(i.__scatterload_zeroinit)
    malloc                                   0x08005375   Thumb Code    92  malloc.o(i.malloc)
    Region$$Table$$Base                      0x08005454   Number         0  anon$$obj.o(Region$$Table)
    Region$$Table$$Limit                     0x08005474   Number         0  anon$$obj.o(Region$$Table)
    version                                  0x20000000   Data           4  main.o(.data)
    HardwareVersion                          0x20000004   Data           4  main.o(.data)
    mima                                     0x20000008   Data           4  main.o(.data)
    width                                    0x2000000c   Data           1  main.o(.data)
    timeout                                  0x20000010   Data           4  main.o(.data)
    RelayTimeout                             0x20000014   Data           4  main.o(.data)
    rongcuoTime                              0x20000018   Data           4  main.o(.data)
    start_flag                               0x2000001c   Data           1  main.o(.data)
    PIT_period                               0x20000020   Data           4  main.o(.data)
    PIT_f                                    0x20000024   Data           4  main.o(.data)
    SystemCoreClock                          0x20000028   Data           4  system_stm32f10x.o(.data)
    AHBPrescTable                            0x2000002c   Data          16  system_stm32f10x.o(.data)
    can_cb_array                             0x20000040   Data           8  can.o(.data)
    PODOData                                 0x20000048   Data           4  can.o(.data)
    SteerPeriod                              0x20000088   Data           4  time.o(.data)
    SteerPrescaler                           0x2000008c   Data           4  time.o(.data)
    MotorPeriod                              0x20000090   Data           4  time.o(.data)
    MotorPrescaler                           0x20000094   Data           4  time.o(.data)
    WrongP_Flag                              0x20000098   Data           1  time.o(.data)
    liushui                                  0x2000009c   Data           8  time.o(.data)
    relay_timeout                            0x200000a4   Data           4  global.o(.data)
    holdTime                                 0x200000a8   Data           4  global.o(.data)
    __microlib_freelist                      0x200000c4   Data           4  mvars.o(.data)
    __microlib_freelist_initialised          0x200000c8   Data           4  mvars.o(.data)
    IRQ_tt                                   0x20000150   Data          64  time.o(.bss)
    PassWord                                 0x20000190   Data          28  global.o(.bss)
    light                                    0x200001ac   Data          64  global.o(.bss)
    HighDelay                                0x200001ec   Data          64  global.o(.bss)
    __heap_base                              0x20000230   Data           0  startup_stm32f10x_hd.o(HEAP)
    __heap_limit                             0x20001130   Data           0  startup_stm32f10x_hd.o(HEAP)
    __initial_sp                             0x20002030   Data           0  startup_stm32f10x_hd.o(STACK)



==============================================================================

Memory Map of the image

  Image Entry point : 0x08000131

  Load Region LR_IROM1 (Base: 0x08000000, Size: 0x00005540, Max: 0x00010000, ABSOLUTE)

    Execution Region ER_IROM1 (Base: 0x08000000, Size: 0x00005474, Max: 0x00010000, ABSOLUTE)

    Base Addr    Size         Type   Attr      Idx    E Section Name        Object

    0x08000000   0x00000130   Data   RO          416    RESET               startup_stm32f10x_hd.o
    0x08000130   0x00000000   Code   RO          555  * .ARM.Collect$$$$00000000  mc_w.l(entry.o)
    0x08000130   0x00000004   Code   RO          632    .ARM.Collect$$$$00000001  mc_w.l(entry2.o)
    0x08000134   0x00000004   Code   RO          635    .ARM.Collect$$$$00000004  mc_w.l(entry5.o)
    0x08000138   0x00000000   Code   RO          637    .ARM.Collect$$$$00000008  mc_w.l(entry7b.o)
    0x08000138   0x00000000   Code   RO          639    .ARM.Collect$$$$0000000A  mc_w.l(entry8b.o)
    0x08000138   0x00000008   Code   RO          640    .ARM.Collect$$$$0000000B  mc_w.l(entry9a.o)
    0x08000140   0x00000000   Code   RO          642    .ARM.Collect$$$$0000000D  mc_w.l(entry10a.o)
    0x08000140   0x00000000   Code   RO          644    .ARM.Collect$$$$0000000F  mc_w.l(entry11a.o)
    0x08000140   0x00000004   Code   RO          633    .ARM.Collect$$$$00002712  mc_w.l(entry2.o)
    0x08000144   0x00000224   Code   RO            1    .text               main.o
    0x08000368   0x0000001a   Code   RO          140    .text               stm32f10x_it.o
    0x08000382   0x00000002   PAD
    0x08000384   0x000001e0   Code   RO          181    .text               system_stm32f10x.o
    0x08000564   0x00000244   Code   RO          203    .text               usart_u.o
    0x080007a8   0x0000020c   Code   RO          247    .text               can.o
    0x080009b4   0x00000304   Code   RO          276    .text               cmd.o
    0x08000cb8   0x00000a88   Code   RO          300    .text               time.o
    0x08001740   0x0000070c   Code   RO          320    .text               global.o
    0x08001e4c   0x000000d4   Code   RO          350    .text               delay.o
    0x08001f20   0x00000024   Code   RO          417    .text               startup_stm32f10x_hd.o
    0x08001f44   0x000000dc   Code   RO          421    .text               misc.o
    0x08002020   0x0000035c   Code   RO          445    .text               stm32f10x_gpio.o
    0x0800237c   0x000003a4   Code   RO          457    .text               stm32f10x_rcc.o
    0x08002720   0x00000e1a   Code   RO          471    .text               stm32f10x_tim.o
    0x0800353a   0x00000002   PAD
    0x0800353c   0x00000408   Code   RO          483    .text               stm32f10x_usart.o
    0x08003944   0x0000011c   Code   RO          507    .text               stm32f10x_exti.o
    0x08003a60   0x000009f0   Code   RO          531    .text               stm32f10x_can.o
    0x08004450   0x00000024   Code   RO          558    .text               mc_w.l(memcpya.o)
    0x08004474   0x00000024   Code   RO          560    .text               mc_w.l(memseta.o)
    0x08004498   0x0000001c   Code   RO          562    .text               mc_w.l(strcmp.o)
    0x080044b4   0x000000e4   Code   RO          622    .text               mf_w.l(dmul.o)
    0x08004598   0x000000de   Code   RO          624    .text               mf_w.l(ddiv.o)
    0x08004676   0x00000022   Code   RO          626    .text               mf_w.l(dflti.o)
    0x08004698   0x0000003e   Code   RO          628    .text               mf_w.l(dfixi.o)
    0x080046d6   0x00000002   PAD
    0x080046d8   0x00000030   Code   RO          630    .text               mf_w.l(cdcmple.o)
    0x08004708   0x0000002c   Code   RO          646    .text               mc_w.l(uidiv.o)
    0x08004734   0x00000062   Code   RO          648    .text               mc_w.l(uldiv.o)
    0x08004796   0x00000020   Code   RO          650    .text               mc_w.l(llushr.o)
    0x080047b6   0x00000000   Code   RO          654    .text               mc_w.l(iusefp.o)
    0x080047b6   0x000000ba   Code   RO          655    .text               mf_w.l(depilogue.o)
    0x08004870   0x0000014e   Code   RO          657    .text               mf_w.l(dadd.o)
    0x080049be   0x00000030   Code   RO          659    .text               mf_w.l(dfixul.o)
    0x080049ee   0x00000002   PAD
    0x080049f0   0x00000030   Code   RO          661    .text               mf_w.l(cdrcmple.o)
    0x08004a20   0x00000024   Code   RO          663    .text               mc_w.l(init.o)
    0x08004a44   0x0000001e   Code   RO          665    .text               mc_w.l(llshl.o)
    0x08004a62   0x00000024   Code   RO          667    .text               mc_w.l(llsshr.o)
    0x08004a86   0x00000002   PAD
    0x08004a88   0x00000024   Code   RO          572    i.__0vsnprintf      mc_w.l(printfa.o)
    0x08004aac   0x0000000e   Code   RO          671    i.__scatterload_copy  mc_w.l(handlers.o)
    0x08004aba   0x00000002   Code   RO          672    i.__scatterload_null  mc_w.l(handlers.o)
    0x08004abc   0x0000000e   Code   RO          673    i.__scatterload_zeroinit  mc_w.l(handlers.o)
    0x08004aca   0x00000002   PAD
    0x08004acc   0x00000164   Code   RO          574    i._fp_digits        mc_w.l(printfa.o)
    0x08004c30   0x000006dc   Code   RO          575    i._printf_core      mc_w.l(printfa.o)
    0x0800530c   0x00000024   Code   RO          576    i._printf_post_padding  mc_w.l(printfa.o)
    0x08005330   0x0000002e   Code   RO          577    i._printf_pre_padding  mc_w.l(printfa.o)
    0x0800535e   0x00000016   Code   RO          578    i._snputc           mc_w.l(printfa.o)
    0x08005374   0x0000006c   Code   RO          595    i.malloc            mc_w.l(malloc.o)
    0x080053e0   0x00000019   Data   RO            2    .conststring        main.o
    0x080053f9   0x00000003   PAD
    0x080053fc   0x0000004e   Data   RO          249    .conststring        can.o
    0x0800544a   0x00000002   PAD
    0x0800544c   0x00000006   Data   RO            3    .conststrlit        main.o
    0x08005452   0x00000002   PAD
    0x08005454   0x00000020   Data   RO          669    Region$$Table       anon$$obj.o


    Execution Region RW_IRAM1 (Base: 0x20000000, Size: 0x00002030, Max: 0x00005000, ABSOLUTE)

    Base Addr    Size         Type   Attr      Idx    E Section Name        Object

    0x20000000   0x00000028   Data   RW            4    .data               main.o
    0x20000028   0x00000014   Data   RW          182    .data               system_stm32f10x.o
    0x2000003c   0x00000010   Data   RW          250    .data               can.o
    0x2000004c   0x0000003c   Data   RW          278    .data               cmd.o
    0x20000088   0x0000001c   Data   RW          302    .data               time.o
    0x200000a4   0x00000008   Data   RW          322    .data               global.o
    0x200000ac   0x00000004   Data   RW          351    .data               delay.o
    0x200000b0   0x00000014   Data   RW          458    .data               stm32f10x_rcc.o
    0x200000c4   0x00000004   Data   RW          652    .data               mc_w.l(mvars.o)
    0x200000c8   0x00000004   Data   RW          653    .data               mc_w.l(mvars.o)
    0x200000cc   0x00000014   Zero   RW          248    .bss                can.o
    0x200000e0   0x00000070   Zero   RW          277    .bss                cmd.o
    0x20000150   0x00000040   Zero   RW          301    .bss                time.o
    0x20000190   0x0000009c   Zero   RW          321    .bss                global.o
    0x2000022c   0x00000004   PAD
    0x20000230   0x00000f00   Zero   RW          415    HEAP                startup_stm32f10x_hd.o
    0x20001130   0x00000f00   Zero   RW          414    STACK               startup_stm32f10x_hd.o


==============================================================================

Image component sizes


      Code (inc. data)   RO Data    RW Data    ZI Data      Debug   Object Name

       524         32         78         16         20       3484   can.o
       772        124          0         60        112       3746   cmd.o
       212         18          0          4          0        967   delay.o
      1804         80          0          8        156       6110   global.o
       548         94         31         40          0     263885   main.o
       220         22          0          0          0       1745   misc.o
        36          8        304          0       7680        764   startup_stm32f10x_hd.o
      2544         38          0          0          0       7796   stm32f10x_can.o
       284         10          0          0          0       2175   stm32f10x_exti.o
       860         38          0          0          0       5589   stm32f10x_gpio.o
        26          0          0          0          0       1154   stm32f10x_it.o
       932         36          0         20          0       8732   stm32f10x_rcc.o
      3610         88          0          0          0      22072   stm32f10x_tim.o
      1032         22          0          0          0       8316   stm32f10x_usart.o
         0          0          0          0          0         32   sys.o
       480         38          0         20          0       1687   system_stm32f10x.o
      2696        144          0         28         64       6516   time.o
       580         20          0          0          0       2629   usart_u.o

    ----------------------------------------------------------------------
     17164        812        452        196       8036     347399   Object Totals
         0          0         32          0          0          0   (incl. Generated)
         4          0          7          0          4          0   (incl. Padding)

    ----------------------------------------------------------------------

      Code (inc. data)   RO Data    RW Data    ZI Data      Debug   Library Member Name

         0          0          0          0          0          0   entry.o
         0          0          0          0          0          0   entry10a.o
         0          0          0          0          0          0   entry11a.o
         8          4          0          0          0          0   entry2.o
         4          0          0          0          0          0   entry5.o
         0          0          0          0          0          0   entry7b.o
         0          0          0          0          0          0   entry8b.o
         8          4          0          0          0          0   entry9a.o
        30          0          0          0          0          0   handlers.o
        36          8          0          0          0         68   init.o
         0          0          0          0          0          0   iusefp.o
        30          0          0          0          0         68   llshl.o
        36          0          0          0          0         68   llsshr.o
        32          0          0          0          0         68   llushr.o
       108         16          0          0          0         84   malloc.o
        36          0          0          0          0         68   memcpya.o
        36          0          0          0          0        108   memseta.o
         0          0          0          8          0          0   mvars.o
      2252         84          0          0          0        508   printfa.o
        28          0          0          0          0         76   strcmp.o
        44          0          0          0          0         80   uidiv.o
        98          0          0          0          0         92   uldiv.o
        48          0          0          0          0         68   cdcmple.o
        48          0          0          0          0         68   cdrcmple.o
       334          0          0          0          0        148   dadd.o
       222          0          0          0          0        100   ddiv.o
       186          0          0          0          0        176   depilogue.o
        62          0          0          0          0         80   dfixi.o
        48          0          0          0          0         68   dfixul.o
        34          0          0          0          0         76   dflti.o
       228          0          0          0          0         96   dmul.o

    ----------------------------------------------------------------------
      4004        116          0          8          0       2168   Library Totals
         8          0          0          0          0          0   (incl. Padding)

    ----------------------------------------------------------------------

      Code (inc. data)   RO Data    RW Data    ZI Data      Debug   Library Name

      2786        116          0          8          0       1288   mc_w.l
      1210          0          0          0          0        880   mf_w.l

    ----------------------------------------------------------------------
      4004        116          0          8          0       2168   Library Totals

    ----------------------------------------------------------------------

==============================================================================


      Code (inc. data)   RO Data    RW Data    ZI Data      Debug   

     21168        928        452        204       8036     347015   Grand Totals
     21168        928        452        204       8036     347015   ELF Image Totals
     21168        928        452        204          0          0   ROM Totals

==============================================================================

    Total RO  Size (Code + RO Data)                21620 (  21.11kB)
    Total RW  Size (RW Data + ZI Data)              8240 (   8.05kB)
    Total ROM Size (Code + RO Data + RW Data)      21824 (  21.31kB)

==============================================================================

