Component: ARM Compiler 5.05 update 1 (build 106) Tool: armlink [4d0efa]

==============================================================================

Section Cross References

    main.o(.text) refers to stm32f10x_rcc.o(.text) for RCC_APB2PeriphClockCmd
    main.o(.text) refers to time.o(.text) for SteerInit
    main.o(.data) refers to main.o(.conststring) for .conststring
    system_stm32f10x.o(.text) refers to system_stm32f10x.o(.data) for SystemCoreClock
    usart_u.o(.text) refers to stm32f10x_rcc.o(.text) for RCC_APB2PeriphClockCmd
    usart_u.o(.text) refers to stm32f10x_gpio.o(.text) for GPIO_Init
    usart_u.o(.text) refers to stm32f10x_usart.o(.text) for USART_ClockInit
    usart_u.o(.text) refers to misc.o(.text) for NVIC_Init
    usart_u.o(.text) refers to printfa.o(i.__0vsnprintf) for vsnprintf
    spi.o(.text) refers to usart_u.o(.text) for uprintf
    spi.o(.text) refers to stm32f10x_spi.o(.text) for SPI_I2S_GetFlagStatus
    spi.o(.text) refers to stm32f10x_rcc.o(.text) for RCC_APB1PeriphClockCmd
    spi.o(.text) refers to stm32f10x_gpio.o(.text) for GPIO_Init
    can.o(.text) refers to misc.o(.text) for NVIC_Init
    can.o(.text) refers to stm32f10x_gpio.o(.text) for GPIO_Init
    can.o(.text) refers to usart_u.o(.text) for uprintf
    can.o(.text) refers to stm32f10x_rcc.o(.text) for RCC_APB1PeriphClockCmd
    can.o(.text) refers to stm32f10x_can.o(.text) for CAN_DeInit
    can.o(.text) refers to can.o(.conststring) for .conststring
    can.o(.text) refers to can.o(.data) for can_cb_array
    can.o(.text) refers to can.o(.bss) for g_can_rx_msg
    circlequeue.o(.text) refers to circlequeue.o(i.IsQueueEmpty) for IsQueueEmpty
    cmd.o(.text) refers to malloc.o(i.malloc) for malloc
    cmd.o(.text) refers to strcmp.o(.text) for strcmp
    cmd.o(.text) refers to stm32f10x_usart.o(.text) for USART_GetITStatus
    cmd.o(.text) refers to memseta.o(.text) for __aeabi_memclr4
    cmd.o(.text) refers to usart_u.o(.text) for uprintf
    cmd.o(.text) refers to stm32f10x_flash.o(.text) for FLASH_Unlock
    cmd.o(.text) refers to cmd.o(.bss) for cmd_argv_3
    cmd.o(.text) refers to cmd.o(.data) for cmd_tbl
    cmd.o(.text) refers to f2d.o(.text) for __aeabi_f2d
    cmd.o(.text) refers to main.o(.data) for HardwareVersion
    cmd.o(.data) refers to cmd.o(.text) for cmd_help_func
    time.o(.text) refers to stm32f10x_tim.o(.text) for TIM_DeInit
    time.o(.text) refers to misc.o(.text) for NVIC_Init
    time.o(.text) refers to stm32f10x_gpio.o(.text) for GPIO_Init
    time.o(.text) refers to time.o(.data) for SteerPrescaler
    time.o(.text) refers to dflti.o(.text) for __aeabi_i2d
    time.o(.text) refers to ddiv.o(.text) for __aeabi_ddiv
    time.o(.text) refers to dfixi.o(.text) for __aeabi_d2iz
    delay.o(.text) refers to misc.o(.text) for SysTick_CLKSourceConfig
    delay.o(.text) refers to system_stm32f10x.o(.data) for SystemCoreClock
    delay.o(.text) refers to delay.o(.data) for fac_us
    startup_stm32f10x_hd.o(RESET) refers to startup_stm32f10x_hd.o(STACK) for __initial_sp
    startup_stm32f10x_hd.o(RESET) refers to startup_stm32f10x_hd.o(.text) for Reset_Handler
    startup_stm32f10x_hd.o(RESET) refers to stm32f10x_it.o(.text) for NMI_Handler
    startup_stm32f10x_hd.o(RESET) refers to can.o(.text) for USB_LP_CAN1_RX0_IRQHandler
    startup_stm32f10x_hd.o(RESET) refers to cmd.o(.text) for USART1_IRQHandler
    startup_stm32f10x_hd.o(RESET) refers to usart_u.o(.text) for USART2_IRQHandler
    startup_stm32f10x_hd.o(.text) refers to system_stm32f10x.o(.text) for SystemInit
    startup_stm32f10x_hd.o(.text) refers to entry.o(.ARM.Collect$$$$00000000) for __main
    stm32f10x_gpio.o(.text) refers to stm32f10x_rcc.o(.text) for RCC_APB2PeriphResetCmd
    stm32f10x_rcc.o(.text) refers to stm32f10x_rcc.o(.data) for APBAHBPrescTable
    stm32f10x_tim.o(.text) refers to stm32f10x_rcc.o(.text) for RCC_APB2PeriphResetCmd
    stm32f10x_usart.o(.text) refers to stm32f10x_rcc.o(.text) for RCC_APB2PeriphResetCmd
    stm32f10x_spi.o(.text) refers to stm32f10x_rcc.o(.text) for RCC_APB2PeriphResetCmd
    stm32f10x_can.o(.text) refers to stm32f10x_rcc.o(.text) for RCC_APB1PeriphResetCmd
    entry.o(.ARM.Collect$$$$00000000) refers (Special) to entry10a.o(.ARM.Collect$$$$0000000D) for __rt_final_cpp
    entry.o(.ARM.Collect$$$$00000000) refers (Special) to entry11a.o(.ARM.Collect$$$$0000000F) for __rt_final_exit
    entry.o(.ARM.Collect$$$$00000000) refers (Special) to entry7b.o(.ARM.Collect$$$$00000008) for _main_clock
    entry.o(.ARM.Collect$$$$00000000) refers (Special) to entry8b.o(.ARM.Collect$$$$0000000A) for _main_cpp_init
    entry.o(.ARM.Collect$$$$00000000) refers (Special) to entry9a.o(.ARM.Collect$$$$0000000B) for _main_init
    entry.o(.ARM.Collect$$$$00000000) refers (Special) to entry5.o(.ARM.Collect$$$$00000004) for _main_scatterload
    entry.o(.ARM.Collect$$$$00000000) refers (Special) to entry2.o(.ARM.Collect$$$$00000001) for _main_stk
    printfa.o(i.__0fprintf) refers (Special) to iusefp.o(.text) for __I$use$fp
    printfa.o(i.__0fprintf) refers to printfa.o(i._printf_core) for _printf_core
    printfa.o(i.__0fprintf) refers to usart.o(.text) for fputc
    printfa.o(i.__0printf) refers (Special) to iusefp.o(.text) for __I$use$fp
    printfa.o(i.__0printf) refers to printfa.o(i._printf_core) for _printf_core
    printfa.o(i.__0printf) refers to usart.o(.text) for fputc
    printfa.o(i.__0printf) refers to usart.o(.data) for __stdout
    printfa.o(i.__0snprintf) refers (Special) to iusefp.o(.text) for __I$use$fp
    printfa.o(i.__0snprintf) refers to printfa.o(i._printf_core) for _printf_core
    printfa.o(i.__0snprintf) refers to printfa.o(i._snputc) for _snputc
    printfa.o(i.__0sprintf) refers (Special) to iusefp.o(.text) for __I$use$fp
    printfa.o(i.__0sprintf) refers to printfa.o(i._printf_core) for _printf_core
    printfa.o(i.__0sprintf) refers to printfa.o(i._sputc) for _sputc
    printfa.o(i.__0vfprintf) refers (Special) to iusefp.o(.text) for __I$use$fp
    printfa.o(i.__0vfprintf) refers to printfa.o(i._printf_core) for _printf_core
    printfa.o(i.__0vfprintf) refers to usart.o(.text) for fputc
    printfa.o(i.__0vprintf) refers (Special) to iusefp.o(.text) for __I$use$fp
    printfa.o(i.__0vprintf) refers to printfa.o(i._printf_core) for _printf_core
    printfa.o(i.__0vprintf) refers to usart.o(.text) for fputc
    printfa.o(i.__0vprintf) refers to usart.o(.data) for __stdout
    printfa.o(i.__0vsnprintf) refers (Special) to iusefp.o(.text) for __I$use$fp
    printfa.o(i.__0vsnprintf) refers to printfa.o(i._printf_core) for _printf_core
    printfa.o(i.__0vsnprintf) refers to printfa.o(i._snputc) for _snputc
    printfa.o(i.__0vsprintf) refers (Special) to iusefp.o(.text) for __I$use$fp
    printfa.o(i.__0vsprintf) refers to printfa.o(i._printf_core) for _printf_core
    printfa.o(i.__0vsprintf) refers to printfa.o(i._sputc) for _sputc
    printfa.o(i._fp_digits) refers (Special) to iusefp.o(.text) for __I$use$fp
    printfa.o(i._fp_digits) refers to dmul.o(.text) for __aeabi_dmul
    printfa.o(i._fp_digits) refers to ddiv.o(.text) for __aeabi_ddiv
    printfa.o(i._fp_digits) refers to cdrcmple.o(.text) for __aeabi_cdrcmple
    printfa.o(i._fp_digits) refers to dadd.o(.text) for __aeabi_dadd
    printfa.o(i._fp_digits) refers to dfixul.o(.text) for __aeabi_d2ulz
    printfa.o(i._fp_digits) refers to uldiv.o(.text) for __aeabi_uldivmod
    printfa.o(i._printf_core) refers (Special) to iusefp.o(.text) for __I$use$fp
    printfa.o(i._printf_core) refers to printfa.o(i._printf_pre_padding) for _printf_pre_padding
    printfa.o(i._printf_core) refers to uldiv.o(.text) for __aeabi_uldivmod
    printfa.o(i._printf_core) refers to printfa.o(i._printf_post_padding) for _printf_post_padding
    printfa.o(i._printf_core) refers to printfa.o(i._fp_digits) for _fp_digits
    printfa.o(i._printf_core) refers to uidiv.o(.text) for __aeabi_uidivmod
    printfa.o(i._printf_post_padding) refers (Special) to iusefp.o(.text) for __I$use$fp
    printfa.o(i._printf_pre_padding) refers (Special) to iusefp.o(.text) for __I$use$fp
    printfa.o(i._snputc) refers (Special) to iusefp.o(.text) for __I$use$fp
    printfa.o(i._sputc) refers (Special) to iusefp.o(.text) for __I$use$fp
    malloc.o(i.free) refers to mvars.o(.data) for __microlib_freelist
    malloc.o(i.malloc) refers to mvars.o(.data) for __microlib_freelist_initialised
    malloc.o(i.malloc) refers to mvars.o(.data) for __microlib_freelist
    malloc.o(i.malloc) refers to startup_stm32f10x_hd.o(HEAP) for __heap_base
    mallocr.o(i.__free$realloc) refers to mvars.o(.data) for __microlib_freelist
    mallocr.o(i.__malloc$realloc) refers to mallocr.o(i.internal_alloc) for internal_alloc
    mallocr.o(i.__malloc$realloc) refers to mvars.o(.data) for __microlib_freelist_initialised
    mallocr.o(i.__malloc$realloc) refers to startup_stm32f10x_hd.o(HEAP) for __heap_base
    mallocr.o(i.__malloc$realloc) refers to mvars.o(.data) for __microlib_freelist
    mallocr.o(i.internal_alloc) refers to memcpya.o(.text) for __aeabi_memcpy
    mallocr.o(i.internal_alloc) refers to mvars.o(.data) for __microlib_freelist
    mallocr.o(i.realloc) refers to mallocr.o(i.__free$realloc) for __free$realloc
    mallocr.o(i.realloc) refers to mallocr.o(i.internal_alloc) for internal_alloc
    mallocr.o(i.realloc) refers to mallocr.o(i.__malloc$realloc) for __malloc$realloc
    mallocr.o(i.realloc) refers to mvars.o(.data) for __microlib_freelist
    malloca.o(i.__aligned_malloc) refers to mvars.o(.data) for __microlib_freelist_initialised
    malloca.o(i.__aligned_malloc) refers to mvars.o(.data) for __microlib_freelist
    malloca.o(i.__aligned_malloc) refers to startup_stm32f10x_hd.o(HEAP) for __heap_base
    malloca.o(i.__free$memalign) refers to mvars.o(.data) for __microlib_freelist
    malloca.o(i.__malloc$memalign) refers to malloca.o(i.__aligned_malloc) for __aligned_malloc
    mallocra.o(i.__aligned_malloc$realloc) refers to mallocra.o(i.internal_alloc) for internal_alloc
    mallocra.o(i.__aligned_malloc$realloc) refers to mvars.o(.data) for __microlib_freelist_initialised
    mallocra.o(i.__aligned_malloc$realloc) refers to startup_stm32f10x_hd.o(HEAP) for __heap_base
    mallocra.o(i.__aligned_malloc$realloc) refers to mvars.o(.data) for __microlib_freelist
    mallocra.o(i.__free$realloc$memalign) refers to mvars.o(.data) for __microlib_freelist
    mallocra.o(i.__malloc$realloc$memalign) refers to mallocra.o(i.__aligned_malloc$realloc) for __aligned_malloc$realloc
    mallocra.o(i.__realloc$memalign) refers to mallocra.o(i.__free$realloc$memalign) for __free$realloc$memalign
    mallocra.o(i.__realloc$memalign) refers to mallocra.o(i.internal_alloc) for internal_alloc
    mallocra.o(i.__realloc$memalign) refers to mallocra.o(i.__malloc$realloc$memalign) for __malloc$realloc$memalign
    mallocra.o(i.__realloc$memalign) refers to mvars.o(.data) for __microlib_freelist
    mallocra.o(i.internal_alloc) refers to memcpya.o(.text) for __aeabi_memcpy
    mallocra.o(i.internal_alloc) refers to mvars.o(.data) for __microlib_freelist
    ddiv.o(.text) refers (Special) to iusefp.o(.text) for __I$use$fp
    ddiv.o(.text) refers to depilogue.o(.text) for _double_round
    dflti.o(.text) refers (Special) to iusefp.o(.text) for __I$use$fp
    dflti.o(.text) refers to depilogue.o(.text) for _double_epilogue
    dfixi.o(.text) refers (Special) to iusefp.o(.text) for __I$use$fp
    dfixi.o(.text) refers to llushr.o(.text) for __aeabi_llsr
    f2d.o(.text) refers (Special) to iusefp.o(.text) for __I$use$fp
    entry2.o(.ARM.Collect$$$$00000001) refers to entry2.o(.ARM.Collect$$$$00002712) for __lit__00000000
    entry2.o(.ARM.Collect$$$$00002712) refers to startup_stm32f10x_hd.o(STACK) for __initial_sp
    entry2.o(__vectab_stack_and_reset_area) refers to startup_stm32f10x_hd.o(STACK) for __initial_sp
    entry2.o(__vectab_stack_and_reset_area) refers to entry.o(.ARM.Collect$$$$00000000) for __main
    entry5.o(.ARM.Collect$$$$00000004) refers to init.o(.text) for __scatterload
    entry9a.o(.ARM.Collect$$$$0000000B) refers to main.o(.text) for main
    entry9b.o(.ARM.Collect$$$$0000000C) refers to main.o(.text) for main
    uldiv.o(.text) refers to llushr.o(.text) for __aeabi_llsr
    uldiv.o(.text) refers to llshl.o(.text) for __aeabi_llsl
    depilogue.o(.text) refers to llshl.o(.text) for __aeabi_llsl
    depilogue.o(.text) refers to llushr.o(.text) for __aeabi_llsr
    dadd.o(.text) refers to llshl.o(.text) for __aeabi_llsl
    dadd.o(.text) refers to llsshr.o(.text) for __aeabi_lasr
    dadd.o(.text) refers to depilogue.o(.text) for _double_epilogue
    dmul.o(.text) refers to depilogue.o(.text) for _double_epilogue
    dfixul.o(.text) refers to llushr.o(.text) for __aeabi_llsr
    dfixul.o(.text) refers to llshl.o(.text) for __aeabi_llsl
    init.o(.text) refers to entry5.o(.ARM.Collect$$$$00000004) for __main_after_scatterload
    circlequeue.o(i.PushElement) refers to circlequeue.o(i.IsQueueFull) for IsQueueFull
    circlequeue.o(i.PopElement) refers to circlequeue.o(i.IsQueueEmpty) for IsQueueEmpty


==============================================================================

Removing Unused input sections from the image.

    Removing spi.o(.text), (360 bytes).
    Removing circlequeue.o(.text), (64 bytes).
    Removing delay.o(.text), (212 bytes).
    Removing delay.o(.data), (4 bytes).
    Removing sys.o(.emb_text), (6 bytes).
    Removing sys.o(.text), (12 bytes).
    Removing usart.o(.text), (28 bytes).
    Removing usart.o(.bss), (200 bytes).
    Removing usart.o(.data), (6 bytes).
    Removing core_cm3.o(.emb_text), (32 bytes).
    Removing stm32f10x_fsmc.o(.text), (1548 bytes).
    Removing stm32f10x_spi.o(.text), (780 bytes).
    Removing stm32f10x_exti.o(.text), (284 bytes).
    Removing stm32f10x_dma.o(.text), (596 bytes).
    Removing circlequeue.o(i.IsQueueEmpty), (22 bytes).
    Removing circlequeue.o(i.IsQueueFull), (34 bytes).
    Removing circlequeue.o(i.PushElement), (46 bytes).
    Removing circlequeue.o(i.PopElement), (48 bytes).

18 unused section(s) (total 4282 bytes) removed from the image.

==============================================================================

Image Symbol Table

    Local Symbols

    Symbol Name                              Value     Ov Type        Size  Object(Section)

    ../clib/../cmprslib/zerorunl2.c          0x00000000   Number         0  __dczerorl2.o ABSOLUTE
    ../clib/microlib/division.c              0x00000000   Number         0  uidiv.o ABSOLUTE
    ../clib/microlib/division.c              0x00000000   Number         0  uldiv.o ABSOLUTE
    ../clib/microlib/init/entry.s            0x00000000   Number         0  entry.o ABSOLUTE
    ../clib/microlib/init/entry.s            0x00000000   Number         0  entry2.o ABSOLUTE
    ../clib/microlib/init/entry.s            0x00000000   Number         0  entry5.o ABSOLUTE
    ../clib/microlib/init/entry.s            0x00000000   Number         0  entry8b.o ABSOLUTE
    ../clib/microlib/init/entry.s            0x00000000   Number         0  entry7a.o ABSOLUTE
    ../clib/microlib/init/entry.s            0x00000000   Number         0  entry7b.o ABSOLUTE
    ../clib/microlib/init/entry.s            0x00000000   Number         0  entry8a.o ABSOLUTE
    ../clib/microlib/init/entry.s            0x00000000   Number         0  entry9a.o ABSOLUTE
    ../clib/microlib/init/entry.s            0x00000000   Number         0  entry9b.o ABSOLUTE
    ../clib/microlib/init/entry.s            0x00000000   Number         0  entry10a.o ABSOLUTE
    ../clib/microlib/init/entry.s            0x00000000   Number         0  entry10b.o ABSOLUTE
    ../clib/microlib/init/entry.s            0x00000000   Number         0  entry11a.o ABSOLUTE
    ../clib/microlib/init/entry.s            0x00000000   Number         0  entry11b.o ABSOLUTE
    ../clib/microlib/longlong.c              0x00000000   Number         0  llushr.o ABSOLUTE
    ../clib/microlib/longlong.c              0x00000000   Number         0  llsshr.o ABSOLUTE
    ../clib/microlib/longlong.c              0x00000000   Number         0  llshl.o ABSOLUTE
    ../clib/microlib/malloc/malloc.c         0x00000000   Number         0  mallocra.o ABSOLUTE
    ../clib/microlib/malloc/malloc.c         0x00000000   Number         0  malloca.o ABSOLUTE
    ../clib/microlib/malloc/malloc.c         0x00000000   Number         0  mallocr.o ABSOLUTE
    ../clib/microlib/malloc/malloc.c         0x00000000   Number         0  malloc.o ABSOLUTE
    ../clib/microlib/malloc/mvars.c          0x00000000   Number         0  mvars.o ABSOLUTE
    ../clib/microlib/printf/printf.c         0x00000000   Number         0  printfa.o ABSOLUTE
    ../clib/microlib/string/memcpy.c         0x00000000   Number         0  memcpya.o ABSOLUTE
    ../clib/microlib/string/memcpy.c         0x00000000   Number         0  memcpyb.o ABSOLUTE
    ../clib/microlib/string/memset.c         0x00000000   Number         0  memseta.o ABSOLUTE
    ../clib/microlib/string/strcmp.c         0x00000000   Number         0  strcmp.o ABSOLUTE
    ../clib/microlib/stubs.s                 0x00000000   Number         0  iusefp.o ABSOLUTE
    ../clib/microlib/stubs.s                 0x00000000   Number         0  useno.o ABSOLUTE
    ../fplib/microlib/f2d.c                  0x00000000   Number         0  f2d.o ABSOLUTE
    ../fplib/microlib/fpadd.c                0x00000000   Number         0  dadd.o ABSOLUTE
    ../fplib/microlib/fpdiv.c                0x00000000   Number         0  ddiv.o ABSOLUTE
    ../fplib/microlib/fpepilogue.c           0x00000000   Number         0  depilogue.o ABSOLUTE
    ../fplib/microlib/fpfix.c                0x00000000   Number         0  dfixul.o ABSOLUTE
    ../fplib/microlib/fpfix.c                0x00000000   Number         0  dfixi.o ABSOLUTE
    ../fplib/microlib/fpflt.c                0x00000000   Number         0  dflti.o ABSOLUTE
    ../fplib/microlib/fpmul.c                0x00000000   Number         0  dmul.o ABSOLUTE
    ..\CORE\core_cm3.c                       0x00000000   Number         0  core_cm3.o ABSOLUTE
    ..\CORE\startup_stm32f10x_hd.s           0x00000000   Number         0  startup_stm32f10x_hd.o ABSOLUTE
    ..\HARDWARE\SPI\spi.c                    0x00000000   Number         0  spi.o ABSOLUTE
    ..\HARDWARE\TIM\time.c                   0x00000000   Number         0  time.o ABSOLUTE
    ..\HARDWARE\can\can.c                    0x00000000   Number         0  can.o ABSOLUTE
    ..\HARDWARE\cmd\cmd.c                    0x00000000   Number         0  cmd.o ABSOLUTE
    ..\HARDWARE\queue\circleQueue.c          0x00000000   Number         0  circlequeue.o ABSOLUTE
    ..\STM32F10x_FWLib\src\misc.c            0x00000000   Number         0  misc.o ABSOLUTE
    ..\STM32F10x_FWLib\src\stm32f10x_can.c   0x00000000   Number         0  stm32f10x_can.o ABSOLUTE
    ..\STM32F10x_FWLib\src\stm32f10x_dma.c   0x00000000   Number         0  stm32f10x_dma.o ABSOLUTE
    ..\STM32F10x_FWLib\src\stm32f10x_exti.c  0x00000000   Number         0  stm32f10x_exti.o ABSOLUTE
    ..\STM32F10x_FWLib\src\stm32f10x_flash.c 0x00000000   Number         0  stm32f10x_flash.o ABSOLUTE
    ..\STM32F10x_FWLib\src\stm32f10x_fsmc.c  0x00000000   Number         0  stm32f10x_fsmc.o ABSOLUTE
    ..\STM32F10x_FWLib\src\stm32f10x_gpio.c  0x00000000   Number         0  stm32f10x_gpio.o ABSOLUTE
    ..\STM32F10x_FWLib\src\stm32f10x_rcc.c   0x00000000   Number         0  stm32f10x_rcc.o ABSOLUTE
    ..\STM32F10x_FWLib\src\stm32f10x_spi.c   0x00000000   Number         0  stm32f10x_spi.o ABSOLUTE
    ..\STM32F10x_FWLib\src\stm32f10x_tim.c   0x00000000   Number         0  stm32f10x_tim.o ABSOLUTE
    ..\STM32F10x_FWLib\src\stm32f10x_usart.c 0x00000000   Number         0  stm32f10x_usart.o ABSOLUTE
    ..\SYSTEM\delay\delay.c                  0x00000000   Number         0  delay.o ABSOLUTE
    ..\SYSTEM\sys\sys.c                      0x00000000   Number         0  sys.o ABSOLUTE
    ..\SYSTEM\usart\usart.c                  0x00000000   Number         0  usart.o ABSOLUTE
    ..\\CORE\\core_cm3.c                     0x00000000   Number         0  core_cm3.o ABSOLUTE
    ..\\SYSTEM\\sys\\sys.c                   0x00000000   Number         0  sys.o ABSOLUTE
    cdrcmple.s                               0x00000000   Number         0  cdrcmple.o ABSOLUTE
    dc.s                                     0x00000000   Number         0  dc.o ABSOLUTE
    handlers.s                               0x00000000   Number         0  handlers.o ABSOLUTE
    init.s                                   0x00000000   Number         0  init.o ABSOLUTE
    main.c                                   0x00000000   Number         0  main.o ABSOLUTE
    stm32f10x_it.c                           0x00000000   Number         0  stm32f10x_it.o ABSOLUTE
    system_stm32f10x.c                       0x00000000   Number         0  system_stm32f10x.o ABSOLUTE
    usart_u.c                                0x00000000   Number         0  usart_u.o ABSOLUTE
    RESET                                    0x08005000   Section      304  startup_stm32f10x_hd.o(RESET)
    .ARM.Collect$$$$00000000                 0x08005130   Section        0  entry.o(.ARM.Collect$$$$00000000)
    .ARM.Collect$$$$00000001                 0x08005130   Section        4  entry2.o(.ARM.Collect$$$$00000001)
    .ARM.Collect$$$$00000004                 0x08005134   Section        4  entry5.o(.ARM.Collect$$$$00000004)
    .ARM.Collect$$$$00000008                 0x08005138   Section        0  entry7b.o(.ARM.Collect$$$$00000008)
    .ARM.Collect$$$$0000000A                 0x08005138   Section        0  entry8b.o(.ARM.Collect$$$$0000000A)
    .ARM.Collect$$$$0000000B                 0x08005138   Section        8  entry9a.o(.ARM.Collect$$$$0000000B)
    .ARM.Collect$$$$0000000D                 0x08005140   Section        0  entry10a.o(.ARM.Collect$$$$0000000D)
    .ARM.Collect$$$$0000000F                 0x08005140   Section        0  entry11a.o(.ARM.Collect$$$$0000000F)
    .ARM.Collect$$$$00002712                 0x08005140   Section        4  entry2.o(.ARM.Collect$$$$00002712)
    __lit__00000000                          0x08005140   Data           4  entry2.o(.ARM.Collect$$$$00002712)
    .text                                    0x08005144   Section        0  main.o(.text)
    .text                                    0x080051da   Section        0  stm32f10x_it.o(.text)
    .text                                    0x080051f4   Section        0  system_stm32f10x.o(.text)
    SetSysClockTo72                          0x080051f5   Thumb Code   214  system_stm32f10x.o(.text)
    SetSysClock                              0x080052cb   Thumb Code     8  system_stm32f10x.o(.text)
    .text                                    0x080053d4   Section        0  usart_u.o(.text)
    .text                                    0x0800563c   Section        0  can.o(.text)
    .text                                    0x08005848   Section        0  cmd.o(.text)
    NVIC_SystemReset                         0x08005d5b   Thumb Code    26  cmd.o(.text)
    .text                                    0x08005db8   Section        0  time.o(.text)
    .text                                    0x08006610   Section       36  startup_stm32f10x_hd.o(.text)
    .text                                    0x08006634   Section        0  misc.o(.text)
    .text                                    0x08006710   Section        0  stm32f10x_gpio.o(.text)
    .text                                    0x08006a6c   Section        0  stm32f10x_rcc.o(.text)
    .text                                    0x08006e10   Section        0  stm32f10x_tim.o(.text)
    TI4_Config                               0x080072b7   Thumb Code   130  stm32f10x_tim.o(.text)
    TI3_Config                               0x0800734b   Thumb Code   122  stm32f10x_tim.o(.text)
    TI2_Config                               0x080073df   Thumb Code   130  stm32f10x_tim.o(.text)
    TI1_Config                               0x08007473   Thumb Code   108  stm32f10x_tim.o(.text)
    .text                                    0x08007c2c   Section        0  stm32f10x_usart.o(.text)
    .text                                    0x08008034   Section        0  stm32f10x_can.o(.text)
    CheckITStatus                            0x08008837   Thumb Code    18  stm32f10x_can.o(.text)
    .text                                    0x08008a24   Section        0  stm32f10x_flash.o(.text)
    .text                                    0x08008fe0   Section        0  memseta.o(.text)
    .text                                    0x08009004   Section        0  strcmp.o(.text)
    .text                                    0x08009020   Section        0  ddiv.o(.text)
    .text                                    0x080090fe   Section        0  dflti.o(.text)
    .text                                    0x08009120   Section        0  dfixi.o(.text)
    .text                                    0x0800915e   Section        0  f2d.o(.text)
    .text                                    0x08009184   Section        0  uidiv.o(.text)
    .text                                    0x080091b0   Section        0  uldiv.o(.text)
    .text                                    0x08009212   Section        0  llushr.o(.text)
    .text                                    0x08009232   Section        0  depilogue.o(.text)
    .text                                    0x08009232   Section        0  iusefp.o(.text)
    .text                                    0x080092ec   Section        0  dadd.o(.text)
    .text                                    0x0800943a   Section        0  dmul.o(.text)
    .text                                    0x0800951e   Section        0  dfixul.o(.text)
    .text                                    0x08009550   Section       48  cdrcmple.o(.text)
    .text                                    0x08009580   Section       36  init.o(.text)
    .text                                    0x080095a4   Section        0  llshl.o(.text)
    .text                                    0x080095c2   Section        0  llsshr.o(.text)
    .text                                    0x080095e6   Section        0  __dczerorl2.o(.text)
    i.__0vsnprintf                           0x0800963c   Section        0  printfa.o(i.__0vsnprintf)
    i.__scatterload_copy                     0x08009660   Section       14  handlers.o(i.__scatterload_copy)
    i.__scatterload_null                     0x0800966e   Section        2  handlers.o(i.__scatterload_null)
    i.__scatterload_zeroinit                 0x08009670   Section       14  handlers.o(i.__scatterload_zeroinit)
    i._fp_digits                             0x08009680   Section        0  printfa.o(i._fp_digits)
    _fp_digits                               0x08009681   Thumb Code   334  printfa.o(i._fp_digits)
    i._printf_core                           0x080097e4   Section        0  printfa.o(i._printf_core)
    _printf_core                             0x080097e5   Thumb Code  1744  printfa.o(i._printf_core)
    i._printf_post_padding                   0x08009ec0   Section        0  printfa.o(i._printf_post_padding)
    _printf_post_padding                     0x08009ec1   Thumb Code    36  printfa.o(i._printf_post_padding)
    i._printf_pre_padding                    0x08009ee4   Section        0  printfa.o(i._printf_pre_padding)
    _printf_pre_padding                      0x08009ee5   Thumb Code    46  printfa.o(i._printf_pre_padding)
    i._snputc                                0x08009f12   Section        0  printfa.o(i._snputc)
    _snputc                                  0x08009f13   Thumb Code    22  printfa.o(i._snputc)
    i.malloc                                 0x08009f28   Section        0  malloc.o(i.malloc)
    .conststring                             0x08009f94   Section       25  main.o(.conststring)
    .conststring                             0x08009fb0   Section       78  can.o(.conststring)
    .data                                    0x20000000   Section        8  main.o(.data)
    .data                                    0x20000008   Section       20  system_stm32f10x.o(.data)
    .data                                    0x2000001c   Section       18  can.o(.data)
    msg_rcv_callback                         0x2000001c   Data           4  can.o(.data)
    DirFlag                                  0x2000002c   Data           1  can.o(.data)
    cnt                                      0x2000002d   Data           1  can.o(.data)
    .data                                    0x20000030   Section      216  cmd.o(.data)
    cmd_tbl                                  0x20000030   Data         192  cmd.o(.data)
    CMD_USARTx                               0x200000f0   Data           4  cmd.o(.data)
    cmd_line_index                           0x200000f8   Data           4  cmd.o(.data)
    cmd_line_length                          0x200000fc   Data           4  cmd.o(.data)
    cmd_line_index                           0x20000100   Data           4  cmd.o(.data)
    cmd_line_length                          0x20000104   Data           4  cmd.o(.data)
    .data                                    0x20000108   Section       16  time.o(.data)
    .data                                    0x20000118   Section       20  stm32f10x_rcc.o(.data)
    APBAHBPrescTable                         0x20000118   Data          16  stm32f10x_rcc.o(.data)
    ADCPrescTable                            0x20000128   Data           4  stm32f10x_rcc.o(.data)
    .data                                    0x2000012c   Section        4  mvars.o(.data)
    .data                                    0x20000130   Section        4  mvars.o(.data)
    .bss                                     0x20000134   Section       20  can.o(.bss)
    g_can_rx_msg                             0x20000134   Data          20  can.o(.bss)
    .bss                                     0x20000148   Section      112  cmd.o(.bss)
    cmd_line_3                               0x20000148   Data          33  cmd.o(.bss)
    cmd_argv_3                               0x2000016c   Data          20  cmd.o(.bss)
    cmd_line_1                               0x20000180   Data          33  cmd.o(.bss)
    cmd_argv_1                               0x200001a4   Data          20  cmd.o(.bss)
    HEAP                                     0x200001b8   Section     3840  startup_stm32f10x_hd.o(HEAP)
    STACK                                    0x200010b8   Section     3840  startup_stm32f10x_hd.o(STACK)

    Global Symbols

    Symbol Name                              Value     Ov Type        Size  Object(Section)

    BuildAttributes$$THM_ISAv4$P$D$K$B$S$PE$A:L22UL41UL21$X:L11$S22US41US21$IEEE1$IW$USESV6$~STKCKD$USESV7$~SHL$OSPACE$ROPI$EBA8$MICROLIB$REQ8$PRES8$EABIv2 0x00000000   Number         0  anon$$obj.o ABSOLUTE
    __ARM_use_no_argv                        0x00000000   Number         0  main.o ABSOLUTE
    __use_no_errno                           0x00000000   Number         0  useno.o ABSOLUTE
    __use_no_exception_handling              0x00000000   Number         0  useno.o ABSOLUTE
    __use_no_fp                              0x00000000   Number         0  useno.o ABSOLUTE
    __use_no_heap                            0x00000000   Number         0  useno.o ABSOLUTE
    __use_no_heap_region                     0x00000000   Number         0  useno.o ABSOLUTE
    __use_no_semihosting                     0x00000000   Number         0  useno.o ABSOLUTE
    __use_no_semihosting_swi                 0x00000000   Number         0  useno.o ABSOLUTE
    __use_no_signal_handling                 0x00000000   Number         0  useno.o ABSOLUTE
    __cpp_initialize__aeabi_                  - Undefined Weak Reference
    __cxa_finalize                            - Undefined Weak Reference
    _clock_init                               - Undefined Weak Reference
    _microlib_exit                            - Undefined Weak Reference
    __Vectors_Size                           0x00000130   Number         0  startup_stm32f10x_hd.o ABSOLUTE
    __Vectors                                0x08005000   Data           4  startup_stm32f10x_hd.o(RESET)
    __Vectors_End                            0x08005130   Data           0  startup_stm32f10x_hd.o(RESET)
    __main                                   0x08005131   Thumb Code     0  entry.o(.ARM.Collect$$$$00000000)
    _main_stk                                0x08005131   Thumb Code     0  entry2.o(.ARM.Collect$$$$00000001)
    _main_scatterload                        0x08005135   Thumb Code     0  entry5.o(.ARM.Collect$$$$00000004)
    __main_after_scatterload                 0x08005139   Thumb Code     0  entry5.o(.ARM.Collect$$$$00000004)
    _main_clock                              0x08005139   Thumb Code     0  entry7b.o(.ARM.Collect$$$$00000008)
    _main_cpp_init                           0x08005139   Thumb Code     0  entry8b.o(.ARM.Collect$$$$0000000A)
    _main_init                               0x08005139   Thumb Code     0  entry9a.o(.ARM.Collect$$$$0000000B)
    __rt_final_cpp                           0x08005141   Thumb Code     0  entry10a.o(.ARM.Collect$$$$0000000D)
    __rt_final_exit                          0x08005141   Thumb Code     0  entry11a.o(.ARM.Collect$$$$0000000F)
    Rcc_init                                 0x08005145   Thumb Code   108  main.o(.text)
    main                                     0x080051b1   Thumb Code    42  main.o(.text)
    NMI_Handler                              0x080051db   Thumb Code     2  stm32f10x_it.o(.text)
    HardFault_Handler                        0x080051dd   Thumb Code     4  stm32f10x_it.o(.text)
    MemManage_Handler                        0x080051e1   Thumb Code     4  stm32f10x_it.o(.text)
    BusFault_Handler                         0x080051e5   Thumb Code     4  stm32f10x_it.o(.text)
    UsageFault_Handler                       0x080051e9   Thumb Code     4  stm32f10x_it.o(.text)
    SVC_Handler                              0x080051ed   Thumb Code     2  stm32f10x_it.o(.text)
    DebugMon_Handler                         0x080051ef   Thumb Code     2  stm32f10x_it.o(.text)
    PendSV_Handler                           0x080051f1   Thumb Code     2  stm32f10x_it.o(.text)
    SysTick_Handler                          0x080051f3   Thumb Code     2  stm32f10x_it.o(.text)
    SystemInit                               0x080052d3   Thumb Code    76  system_stm32f10x.o(.text)
    SystemCoreClockUpdate                    0x0800531f   Thumb Code   142  system_stm32f10x.o(.text)
    Usart_init                               0x080053d5   Thumb Code   368  usart_u.o(.text)
    USART2_IRQHandler                        0x08005545   Thumb Code    36  usart_u.o(.text)
    uprintf                                  0x08005569   Thumb Code   138  usart_u.o(.text)
    hexPrintf                                0x080055f3   Thumb Code    48  usart_u.o(.text)
    can_nvic_config                          0x0800563d   Thumb Code    32  can.o(.text)
    can_gpio_config                          0x0800565d   Thumb Code    54  can.o(.text)
    can_init                                 0x08005693   Thumb Code   234  can.o(.text)
    can_add_callback                         0x0800577d   Thumb Code    30  can.o(.text)
    can_send_msg                             0x0800579b   Thumb Code   110  can.o(.text)
    USB_LP_CAN1_RX0_IRQHandler               0x08005809   Thumb Code    32  can.o(.text)
    cmd_init                                 0x08005849   Thumb Code    40  cmd.o(.text)
    cmd_parse                                0x08005871   Thumb Code   136  cmd.o(.text)
    cmd_exec                                 0x080058f9   Thumb Code    82  cmd.o(.text)
    USART3_IRQHandler                        0x0800594b   Thumb Code   318  cmd.o(.text)
    USART1_IRQHandler                        0x08005a89   Thumb Code   318  cmd.o(.text)
    cmd_help_func                            0x08005bc7   Thumb Code    74  cmd.o(.text)
    cmd_save                                 0x08005c11   Thumb Code   198  cmd.o(.text)
    cmd_version                              0x08005cd7   Thumb Code    58  cmd.o(.text)
    cmd_reboot                               0x08005d11   Thumb Code     6  cmd.o(.text)
    EraseSystem                              0x08005d17   Thumb Code    42  cmd.o(.text)
    cmd_BootLoader                           0x08005d41   Thumb Code    26  cmd.o(.text)
    TIM2_init                                0x08005db9   Thumb Code   110  time.o(.text)
    SteerInit                                0x08005e27   Thumb Code   760  time.o(.text)
    MotorInit                                0x0800611f   Thumb Code   492  time.o(.text)
    setSteer                                 0x0800630b   Thumb Code   276  time.o(.text)
    setMotor                                 0x0800641f   Thumb Code   460  time.o(.text)
    Reset_Handler                            0x08006611   Thumb Code     8  startup_stm32f10x_hd.o(.text)
    ADC1_2_IRQHandler                        0x0800662b   Thumb Code     0  startup_stm32f10x_hd.o(.text)
    ADC3_IRQHandler                          0x0800662b   Thumb Code     0  startup_stm32f10x_hd.o(.text)
    CAN1_RX1_IRQHandler                      0x0800662b   Thumb Code     0  startup_stm32f10x_hd.o(.text)
    CAN1_SCE_IRQHandler                      0x0800662b   Thumb Code     0  startup_stm32f10x_hd.o(.text)
    DMA1_Channel1_IRQHandler                 0x0800662b   Thumb Code     0  startup_stm32f10x_hd.o(.text)
    DMA1_Channel2_IRQHandler                 0x0800662b   Thumb Code     0  startup_stm32f10x_hd.o(.text)
    DMA1_Channel3_IRQHandler                 0x0800662b   Thumb Code     0  startup_stm32f10x_hd.o(.text)
    DMA1_Channel4_IRQHandler                 0x0800662b   Thumb Code     0  startup_stm32f10x_hd.o(.text)
    DMA1_Channel5_IRQHandler                 0x0800662b   Thumb Code     0  startup_stm32f10x_hd.o(.text)
    DMA1_Channel6_IRQHandler                 0x0800662b   Thumb Code     0  startup_stm32f10x_hd.o(.text)
    DMA1_Channel7_IRQHandler                 0x0800662b   Thumb Code     0  startup_stm32f10x_hd.o(.text)
    DMA2_Channel1_IRQHandler                 0x0800662b   Thumb Code     0  startup_stm32f10x_hd.o(.text)
    DMA2_Channel2_IRQHandler                 0x0800662b   Thumb Code     0  startup_stm32f10x_hd.o(.text)
    DMA2_Channel3_IRQHandler                 0x0800662b   Thumb Code     0  startup_stm32f10x_hd.o(.text)
    DMA2_Channel4_5_IRQHandler               0x0800662b   Thumb Code     0  startup_stm32f10x_hd.o(.text)
    EXTI0_IRQHandler                         0x0800662b   Thumb Code     0  startup_stm32f10x_hd.o(.text)
    EXTI15_10_IRQHandler                     0x0800662b   Thumb Code     0  startup_stm32f10x_hd.o(.text)
    EXTI1_IRQHandler                         0x0800662b   Thumb Code     0  startup_stm32f10x_hd.o(.text)
    EXTI2_IRQHandler                         0x0800662b   Thumb Code     0  startup_stm32f10x_hd.o(.text)
    EXTI3_IRQHandler                         0x0800662b   Thumb Code     0  startup_stm32f10x_hd.o(.text)
    EXTI4_IRQHandler                         0x0800662b   Thumb Code     0  startup_stm32f10x_hd.o(.text)
    EXTI9_5_IRQHandler                       0x0800662b   Thumb Code     0  startup_stm32f10x_hd.o(.text)
    FLASH_IRQHandler                         0x0800662b   Thumb Code     0  startup_stm32f10x_hd.o(.text)
    FSMC_IRQHandler                          0x0800662b   Thumb Code     0  startup_stm32f10x_hd.o(.text)
    I2C1_ER_IRQHandler                       0x0800662b   Thumb Code     0  startup_stm32f10x_hd.o(.text)
    I2C1_EV_IRQHandler                       0x0800662b   Thumb Code     0  startup_stm32f10x_hd.o(.text)
    I2C2_ER_IRQHandler                       0x0800662b   Thumb Code     0  startup_stm32f10x_hd.o(.text)
    I2C2_EV_IRQHandler                       0x0800662b   Thumb Code     0  startup_stm32f10x_hd.o(.text)
    PVD_IRQHandler                           0x0800662b   Thumb Code     0  startup_stm32f10x_hd.o(.text)
    RCC_IRQHandler                           0x0800662b   Thumb Code     0  startup_stm32f10x_hd.o(.text)
    RTCAlarm_IRQHandler                      0x0800662b   Thumb Code     0  startup_stm32f10x_hd.o(.text)
    RTC_IRQHandler                           0x0800662b   Thumb Code     0  startup_stm32f10x_hd.o(.text)
    SDIO_IRQHandler                          0x0800662b   Thumb Code     0  startup_stm32f10x_hd.o(.text)
    SPI1_IRQHandler                          0x0800662b   Thumb Code     0  startup_stm32f10x_hd.o(.text)
    SPI2_IRQHandler                          0x0800662b   Thumb Code     0  startup_stm32f10x_hd.o(.text)
    SPI3_IRQHandler                          0x0800662b   Thumb Code     0  startup_stm32f10x_hd.o(.text)
    TAMPER_IRQHandler                        0x0800662b   Thumb Code     0  startup_stm32f10x_hd.o(.text)
    TIM1_BRK_IRQHandler                      0x0800662b   Thumb Code     0  startup_stm32f10x_hd.o(.text)
    TIM1_CC_IRQHandler                       0x0800662b   Thumb Code     0  startup_stm32f10x_hd.o(.text)
    TIM1_TRG_COM_IRQHandler                  0x0800662b   Thumb Code     0  startup_stm32f10x_hd.o(.text)
    TIM1_UP_IRQHandler                       0x0800662b   Thumb Code     0  startup_stm32f10x_hd.o(.text)
    TIM2_IRQHandler                          0x0800662b   Thumb Code     0  startup_stm32f10x_hd.o(.text)
    TIM3_IRQHandler                          0x0800662b   Thumb Code     0  startup_stm32f10x_hd.o(.text)
    TIM4_IRQHandler                          0x0800662b   Thumb Code     0  startup_stm32f10x_hd.o(.text)
    TIM5_IRQHandler                          0x0800662b   Thumb Code     0  startup_stm32f10x_hd.o(.text)
    TIM6_IRQHandler                          0x0800662b   Thumb Code     0  startup_stm32f10x_hd.o(.text)
    TIM7_IRQHandler                          0x0800662b   Thumb Code     0  startup_stm32f10x_hd.o(.text)
    TIM8_BRK_IRQHandler                      0x0800662b   Thumb Code     0  startup_stm32f10x_hd.o(.text)
    TIM8_CC_IRQHandler                       0x0800662b   Thumb Code     0  startup_stm32f10x_hd.o(.text)
    TIM8_TRG_COM_IRQHandler                  0x0800662b   Thumb Code     0  startup_stm32f10x_hd.o(.text)
    TIM8_UP_IRQHandler                       0x0800662b   Thumb Code     0  startup_stm32f10x_hd.o(.text)
    UART4_IRQHandler                         0x0800662b   Thumb Code     0  startup_stm32f10x_hd.o(.text)
    UART5_IRQHandler                         0x0800662b   Thumb Code     0  startup_stm32f10x_hd.o(.text)
    USBWakeUp_IRQHandler                     0x0800662b   Thumb Code     0  startup_stm32f10x_hd.o(.text)
    USB_HP_CAN1_TX_IRQHandler                0x0800662b   Thumb Code     0  startup_stm32f10x_hd.o(.text)
    WWDG_IRQHandler                          0x0800662b   Thumb Code     0  startup_stm32f10x_hd.o(.text)
    NVIC_PriorityGroupConfig                 0x08006635   Thumb Code    10  misc.o(.text)
    NVIC_Init                                0x0800663f   Thumb Code   100  misc.o(.text)
    NVIC_SetVectorTable                      0x080066a3   Thumb Code    14  misc.o(.text)
    NVIC_SystemLPConfig                      0x080066b1   Thumb Code    34  misc.o(.text)
    SysTick_CLKSourceConfig                  0x080066d3   Thumb Code    40  misc.o(.text)
    GPIO_DeInit                              0x08006711   Thumb Code   172  stm32f10x_gpio.o(.text)
    GPIO_AFIODeInit                          0x080067bd   Thumb Code    20  stm32f10x_gpio.o(.text)
    GPIO_Init                                0x080067d1   Thumb Code   278  stm32f10x_gpio.o(.text)
    GPIO_StructInit                          0x080068e7   Thumb Code    16  stm32f10x_gpio.o(.text)
    GPIO_ReadInputDataBit                    0x080068f7   Thumb Code    18  stm32f10x_gpio.o(.text)
    GPIO_ReadInputData                       0x08006909   Thumb Code     8  stm32f10x_gpio.o(.text)
    GPIO_ReadOutputDataBit                   0x08006911   Thumb Code    18  stm32f10x_gpio.o(.text)
    GPIO_ReadOutputData                      0x08006923   Thumb Code     8  stm32f10x_gpio.o(.text)
    GPIO_SetBits                             0x0800692b   Thumb Code     4  stm32f10x_gpio.o(.text)
    GPIO_ResetBits                           0x0800692f   Thumb Code     4  stm32f10x_gpio.o(.text)
    GPIO_WriteBit                            0x08006933   Thumb Code    10  stm32f10x_gpio.o(.text)
    GPIO_Write                               0x0800693d   Thumb Code     4  stm32f10x_gpio.o(.text)
    GPIO_PinLockConfig                       0x08006941   Thumb Code    18  stm32f10x_gpio.o(.text)
    GPIO_EventOutputConfig                   0x08006953   Thumb Code    26  stm32f10x_gpio.o(.text)
    GPIO_EventOutputCmd                      0x0800696d   Thumb Code     6  stm32f10x_gpio.o(.text)
    GPIO_PinRemapConfig                      0x08006973   Thumb Code   138  stm32f10x_gpio.o(.text)
    GPIO_EXTILineConfig                      0x080069fd   Thumb Code    66  stm32f10x_gpio.o(.text)
    GPIO_ETH_MediaInterfaceConfig            0x08006a3f   Thumb Code     8  stm32f10x_gpio.o(.text)
    RCC_DeInit                               0x08006a6d   Thumb Code    64  stm32f10x_rcc.o(.text)
    RCC_HSEConfig                            0x08006aad   Thumb Code    70  stm32f10x_rcc.o(.text)
    RCC_GetFlagStatus                        0x08006af3   Thumb Code    56  stm32f10x_rcc.o(.text)
    RCC_WaitForHSEStartUp                    0x08006b2b   Thumb Code    56  stm32f10x_rcc.o(.text)
    RCC_AdjustHSICalibrationValue            0x08006b63   Thumb Code    20  stm32f10x_rcc.o(.text)
    RCC_HSICmd                               0x08006b77   Thumb Code     6  stm32f10x_rcc.o(.text)
    RCC_PLLConfig                            0x08006b7d   Thumb Code    24  stm32f10x_rcc.o(.text)
    RCC_PLLCmd                               0x08006b95   Thumb Code     6  stm32f10x_rcc.o(.text)
    RCC_SYSCLKConfig                         0x08006b9b   Thumb Code    18  stm32f10x_rcc.o(.text)
    RCC_GetSYSCLKSource                      0x08006bad   Thumb Code    10  stm32f10x_rcc.o(.text)
    RCC_HCLKConfig                           0x08006bb7   Thumb Code    18  stm32f10x_rcc.o(.text)
    RCC_PCLK1Config                          0x08006bc9   Thumb Code    18  stm32f10x_rcc.o(.text)
    RCC_PCLK2Config                          0x08006bdb   Thumb Code    20  stm32f10x_rcc.o(.text)
    RCC_ITConfig                             0x08006bef   Thumb Code    26  stm32f10x_rcc.o(.text)
    RCC_USBCLKConfig                         0x08006c09   Thumb Code     8  stm32f10x_rcc.o(.text)
    RCC_ADCCLKConfig                         0x08006c11   Thumb Code    18  stm32f10x_rcc.o(.text)
    RCC_LSEConfig                            0x08006c23   Thumb Code    50  stm32f10x_rcc.o(.text)
    RCC_LSICmd                               0x08006c55   Thumb Code     6  stm32f10x_rcc.o(.text)
    RCC_RTCCLKConfig                         0x08006c5b   Thumb Code    12  stm32f10x_rcc.o(.text)
    RCC_RTCCLKCmd                            0x08006c67   Thumb Code     8  stm32f10x_rcc.o(.text)
    RCC_GetClocksFreq                        0x08006c6f   Thumb Code   192  stm32f10x_rcc.o(.text)
    RCC_AHBPeriphClockCmd                    0x08006d2f   Thumb Code    26  stm32f10x_rcc.o(.text)
    RCC_APB2PeriphClockCmd                   0x08006d49   Thumb Code    26  stm32f10x_rcc.o(.text)
    RCC_APB1PeriphClockCmd                   0x08006d63   Thumb Code    26  stm32f10x_rcc.o(.text)
    RCC_APB2PeriphResetCmd                   0x08006d7d   Thumb Code    26  stm32f10x_rcc.o(.text)
    RCC_APB1PeriphResetCmd                   0x08006d97   Thumb Code    26  stm32f10x_rcc.o(.text)
    RCC_BackupResetCmd                       0x08006db1   Thumb Code     8  stm32f10x_rcc.o(.text)
    RCC_ClockSecuritySystemCmd               0x08006db9   Thumb Code     6  stm32f10x_rcc.o(.text)
    RCC_MCOConfig                            0x08006dbf   Thumb Code     6  stm32f10x_rcc.o(.text)
    RCC_ClearFlag                            0x08006dc5   Thumb Code    14  stm32f10x_rcc.o(.text)
    RCC_GetITStatus                          0x08006dd3   Thumb Code    20  stm32f10x_rcc.o(.text)
    RCC_ClearITPendingBit                    0x08006de7   Thumb Code     6  stm32f10x_rcc.o(.text)
    TIM_DeInit                               0x08006e11   Thumb Code   424  stm32f10x_tim.o(.text)
    TIM_TimeBaseInit                         0x08006fb9   Thumb Code   122  stm32f10x_tim.o(.text)
    TIM_OC1Init                              0x08007033   Thumb Code   132  stm32f10x_tim.o(.text)
    TIM_OC2Init                              0x080070b7   Thumb Code   154  stm32f10x_tim.o(.text)
    TIM_OC3Init                              0x08007151   Thumb Code   150  stm32f10x_tim.o(.text)
    TIM_OC4Init                              0x080071e7   Thumb Code   182  stm32f10x_tim.o(.text)
    TIM_SetIC4Prescaler                      0x0800729d   Thumb Code    26  stm32f10x_tim.o(.text)
    TIM_SetIC3Prescaler                      0x08007339   Thumb Code    18  stm32f10x_tim.o(.text)
    TIM_SetIC2Prescaler                      0x080073c5   Thumb Code    26  stm32f10x_tim.o(.text)
    TIM_SetIC1Prescaler                      0x08007461   Thumb Code    18  stm32f10x_tim.o(.text)
    TIM_ICInit                               0x080074df   Thumb Code   150  stm32f10x_tim.o(.text)
    TIM_PWMIConfig                           0x08007575   Thumb Code   124  stm32f10x_tim.o(.text)
    TIM_BDTRConfig                           0x080075f1   Thumb Code    32  stm32f10x_tim.o(.text)
    TIM_TimeBaseStructInit                   0x08007611   Thumb Code    18  stm32f10x_tim.o(.text)
    TIM_OCStructInit                         0x08007623   Thumb Code    20  stm32f10x_tim.o(.text)
    TIM_ICStructInit                         0x08007637   Thumb Code    18  stm32f10x_tim.o(.text)
    TIM_BDTRStructInit                       0x08007649   Thumb Code    40  stm32f10x_tim.o(.text)
    TIM_Cmd                                  0x08007671   Thumb Code    24  stm32f10x_tim.o(.text)
    TIM_CtrlPWMOutputs                       0x08007689   Thumb Code    30  stm32f10x_tim.o(.text)
    TIM_ITConfig                             0x080076a7   Thumb Code    18  stm32f10x_tim.o(.text)
    TIM_GenerateEvent                        0x080076b9   Thumb Code     4  stm32f10x_tim.o(.text)
    TIM_DMAConfig                            0x080076bd   Thumb Code    10  stm32f10x_tim.o(.text)
    TIM_DMACmd                               0x080076c7   Thumb Code    18  stm32f10x_tim.o(.text)
    TIM_InternalClockConfig                  0x080076d9   Thumb Code    12  stm32f10x_tim.o(.text)
    TIM_SelectInputTrigger                   0x080076e5   Thumb Code    18  stm32f10x_tim.o(.text)
    TIM_ITRxExternalClockConfig              0x080076f7   Thumb Code    24  stm32f10x_tim.o(.text)
    TIM_TIxExternalClockConfig               0x0800770f   Thumb Code    62  stm32f10x_tim.o(.text)
    TIM_ETRConfig                            0x0800774d   Thumb Code    28  stm32f10x_tim.o(.text)
    TIM_ETRClockMode1Config                  0x08007769   Thumb Code    54  stm32f10x_tim.o(.text)
    TIM_ETRClockMode2Config                  0x0800779f   Thumb Code    32  stm32f10x_tim.o(.text)
    TIM_PrescalerConfig                      0x080077bf   Thumb Code     6  stm32f10x_tim.o(.text)
    TIM_CounterModeConfig                    0x080077c5   Thumb Code    18  stm32f10x_tim.o(.text)
    TIM_EncoderInterfaceConfig               0x080077d7   Thumb Code    66  stm32f10x_tim.o(.text)
    TIM_ForcedOC1Config                      0x08007819   Thumb Code    18  stm32f10x_tim.o(.text)
    TIM_ForcedOC2Config                      0x0800782b   Thumb Code    26  stm32f10x_tim.o(.text)
    TIM_ForcedOC3Config                      0x08007845   Thumb Code    18  stm32f10x_tim.o(.text)
    TIM_ForcedOC4Config                      0x08007857   Thumb Code    26  stm32f10x_tim.o(.text)
    TIM_ARRPreloadConfig                     0x08007871   Thumb Code    24  stm32f10x_tim.o(.text)
    TIM_SelectCOM                            0x08007889   Thumb Code    24  stm32f10x_tim.o(.text)
    TIM_SelectCCDMA                          0x080078a1   Thumb Code    24  stm32f10x_tim.o(.text)
    TIM_CCPreloadControl                     0x080078b9   Thumb Code    24  stm32f10x_tim.o(.text)
    TIM_OC1PreloadConfig                     0x080078d1   Thumb Code    18  stm32f10x_tim.o(.text)
    TIM_OC2PreloadConfig                     0x080078e3   Thumb Code    26  stm32f10x_tim.o(.text)
    TIM_OC3PreloadConfig                     0x080078fd   Thumb Code    18  stm32f10x_tim.o(.text)
    TIM_OC4PreloadConfig                     0x0800790f   Thumb Code    26  stm32f10x_tim.o(.text)
    TIM_OC1FastConfig                        0x08007929   Thumb Code    18  stm32f10x_tim.o(.text)
    TIM_OC2FastConfig                        0x0800793b   Thumb Code    26  stm32f10x_tim.o(.text)
    TIM_OC3FastConfig                        0x08007955   Thumb Code    18  stm32f10x_tim.o(.text)
    TIM_OC4FastConfig                        0x08007967   Thumb Code    26  stm32f10x_tim.o(.text)
    TIM_ClearOC1Ref                          0x08007981   Thumb Code    18  stm32f10x_tim.o(.text)
    TIM_ClearOC2Ref                          0x08007993   Thumb Code    24  stm32f10x_tim.o(.text)
    TIM_ClearOC3Ref                          0x080079ab   Thumb Code    18  stm32f10x_tim.o(.text)
    TIM_ClearOC4Ref                          0x080079bd   Thumb Code    24  stm32f10x_tim.o(.text)
    TIM_OC1PolarityConfig                    0x080079d5   Thumb Code    18  stm32f10x_tim.o(.text)
    TIM_OC1NPolarityConfig                   0x080079e7   Thumb Code    18  stm32f10x_tim.o(.text)
    TIM_OC2PolarityConfig                    0x080079f9   Thumb Code    26  stm32f10x_tim.o(.text)
    TIM_OC2NPolarityConfig                   0x08007a13   Thumb Code    26  stm32f10x_tim.o(.text)
    TIM_OC3PolarityConfig                    0x08007a2d   Thumb Code    26  stm32f10x_tim.o(.text)
    TIM_OC3NPolarityConfig                   0x08007a47   Thumb Code    26  stm32f10x_tim.o(.text)
    TIM_OC4PolarityConfig                    0x08007a61   Thumb Code    26  stm32f10x_tim.o(.text)
    TIM_CCxCmd                               0x08007a7b   Thumb Code    30  stm32f10x_tim.o(.text)
    TIM_CCxNCmd                              0x08007a99   Thumb Code    30  stm32f10x_tim.o(.text)
    TIM_SelectOCxM                           0x08007ab7   Thumb Code    82  stm32f10x_tim.o(.text)
    TIM_UpdateDisableConfig                  0x08007b09   Thumb Code    24  stm32f10x_tim.o(.text)
    TIM_UpdateRequestConfig                  0x08007b21   Thumb Code    24  stm32f10x_tim.o(.text)
    TIM_SelectHallSensor                     0x08007b39   Thumb Code    24  stm32f10x_tim.o(.text)
    TIM_SelectOnePulseMode                   0x08007b51   Thumb Code    18  stm32f10x_tim.o(.text)
    TIM_SelectOutputTrigger                  0x08007b63   Thumb Code    18  stm32f10x_tim.o(.text)
    TIM_SelectSlaveMode                      0x08007b75   Thumb Code    18  stm32f10x_tim.o(.text)
    TIM_SelectMasterSlaveMode                0x08007b87   Thumb Code    18  stm32f10x_tim.o(.text)
    TIM_SetCounter                           0x08007b99   Thumb Code     4  stm32f10x_tim.o(.text)
    TIM_SetAutoreload                        0x08007b9d   Thumb Code     4  stm32f10x_tim.o(.text)
    TIM_SetCompare1                          0x08007ba1   Thumb Code     4  stm32f10x_tim.o(.text)
    TIM_SetCompare2                          0x08007ba5   Thumb Code     4  stm32f10x_tim.o(.text)
    TIM_SetCompare3                          0x08007ba9   Thumb Code     4  stm32f10x_tim.o(.text)
    TIM_SetCompare4                          0x08007bad   Thumb Code     6  stm32f10x_tim.o(.text)
    TIM_SetClockDivision                     0x08007bb3   Thumb Code    18  stm32f10x_tim.o(.text)
    TIM_GetCapture1                          0x08007bc5   Thumb Code     6  stm32f10x_tim.o(.text)
    TIM_GetCapture2                          0x08007bcb   Thumb Code     6  stm32f10x_tim.o(.text)
    TIM_GetCapture3                          0x08007bd1   Thumb Code     6  stm32f10x_tim.o(.text)
    TIM_GetCapture4                          0x08007bd7   Thumb Code     8  stm32f10x_tim.o(.text)
    TIM_GetCounter                           0x08007bdf   Thumb Code     6  stm32f10x_tim.o(.text)
    TIM_GetPrescaler                         0x08007be5   Thumb Code     6  stm32f10x_tim.o(.text)
    TIM_GetFlagStatus                        0x08007beb   Thumb Code    18  stm32f10x_tim.o(.text)
    TIM_ClearFlag                            0x08007bfd   Thumb Code     6  stm32f10x_tim.o(.text)
    TIM_GetITStatus                          0x08007c03   Thumb Code    34  stm32f10x_tim.o(.text)
    TIM_ClearITPendingBit                    0x08007c25   Thumb Code     6  stm32f10x_tim.o(.text)
    USART_DeInit                             0x08007c2d   Thumb Code   134  stm32f10x_usart.o(.text)
    USART_Init                               0x08007cb3   Thumb Code   210  stm32f10x_usart.o(.text)
    USART_StructInit                         0x08007d85   Thumb Code    24  stm32f10x_usart.o(.text)
    USART_ClockInit                          0x08007d9d   Thumb Code    34  stm32f10x_usart.o(.text)
    USART_ClockStructInit                    0x08007dbf   Thumb Code    12  stm32f10x_usart.o(.text)
    USART_Cmd                                0x08007dcb   Thumb Code    24  stm32f10x_usart.o(.text)
    USART_ITConfig                           0x08007de3   Thumb Code    74  stm32f10x_usart.o(.text)
    USART_DMACmd                             0x08007e2d   Thumb Code    18  stm32f10x_usart.o(.text)
    USART_SetAddress                         0x08007e3f   Thumb Code    18  stm32f10x_usart.o(.text)
    USART_WakeUpConfig                       0x08007e51   Thumb Code    18  stm32f10x_usart.o(.text)
    USART_ReceiverWakeUpCmd                  0x08007e63   Thumb Code    24  stm32f10x_usart.o(.text)
    USART_LINBreakDetectLengthConfig         0x08007e7b   Thumb Code    18  stm32f10x_usart.o(.text)
    USART_LINCmd                             0x08007e8d   Thumb Code    24  stm32f10x_usart.o(.text)
    USART_SendData                           0x08007ea5   Thumb Code     8  stm32f10x_usart.o(.text)
    USART_ReceiveData                        0x08007ead   Thumb Code    10  stm32f10x_usart.o(.text)
    USART_SendBreak                          0x08007eb7   Thumb Code    10  stm32f10x_usart.o(.text)
    USART_SetGuardTime                       0x08007ec1   Thumb Code    16  stm32f10x_usart.o(.text)
    USART_SetPrescaler                       0x08007ed1   Thumb Code    16  stm32f10x_usart.o(.text)
    USART_SmartCardCmd                       0x08007ee1   Thumb Code    24  stm32f10x_usart.o(.text)
    USART_SmartCardNACKCmd                   0x08007ef9   Thumb Code    24  stm32f10x_usart.o(.text)
    USART_HalfDuplexCmd                      0x08007f11   Thumb Code    24  stm32f10x_usart.o(.text)
    USART_OverSampling8Cmd                   0x08007f29   Thumb Code    22  stm32f10x_usart.o(.text)
    USART_OneBitMethodCmd                    0x08007f3f   Thumb Code    24  stm32f10x_usart.o(.text)
    USART_IrDAConfig                         0x08007f57   Thumb Code    18  stm32f10x_usart.o(.text)
    USART_IrDACmd                            0x08007f69   Thumb Code    24  stm32f10x_usart.o(.text)
    USART_GetFlagStatus                      0x08007f81   Thumb Code    26  stm32f10x_usart.o(.text)
    USART_ClearFlag                          0x08007f9b   Thumb Code    18  stm32f10x_usart.o(.text)
    USART_GetITStatus                        0x08007fad   Thumb Code    84  stm32f10x_usart.o(.text)
    USART_ClearITPendingBit                  0x08008001   Thumb Code    52  stm32f10x_usart.o(.text)
    CAN_DeInit                               0x08008035   Thumb Code    50  stm32f10x_can.o(.text)
    CAN_Init                                 0x08008067   Thumb Code   276  stm32f10x_can.o(.text)
    CAN_FilterInit                           0x0800817b   Thumb Code   258  stm32f10x_can.o(.text)
    CAN_StructInit                           0x0800827d   Thumb Code    32  stm32f10x_can.o(.text)
    CAN_SlaveStartBank                       0x0800829d   Thumb Code    48  stm32f10x_can.o(.text)
    CAN_DBGFreeze                            0x080082cd   Thumb Code    22  stm32f10x_can.o(.text)
    CAN_TTComModeCmd                         0x080082e3   Thumb Code   118  stm32f10x_can.o(.text)
    CAN_Transmit                             0x08008359   Thumb Code   304  stm32f10x_can.o(.text)
    CAN_TransmitStatus                       0x08008489   Thumb Code   138  stm32f10x_can.o(.text)
    CAN_CancelTransmit                       0x08008513   Thumb Code    48  stm32f10x_can.o(.text)
    CAN_Receive                              0x08008543   Thumb Code   240  stm32f10x_can.o(.text)
    CAN_FIFORelease                          0x08008633   Thumb Code    22  stm32f10x_can.o(.text)
    CAN_MessagePending                       0x08008649   Thumb Code    30  stm32f10x_can.o(.text)
    CAN_OperatingModeRequest                 0x08008667   Thumb Code   162  stm32f10x_can.o(.text)
    CAN_Sleep                                0x08008709   Thumb Code    30  stm32f10x_can.o(.text)
    CAN_WakeUp                               0x08008727   Thumb Code    48  stm32f10x_can.o(.text)
    CAN_GetLastErrorCode                     0x08008757   Thumb Code    12  stm32f10x_can.o(.text)
    CAN_GetReceiveErrorCounter               0x08008763   Thumb Code    10  stm32f10x_can.o(.text)
    CAN_GetLSBTransmitErrorCounter           0x0800876d   Thumb Code    12  stm32f10x_can.o(.text)
    CAN_ITConfig                             0x08008779   Thumb Code    18  stm32f10x_can.o(.text)
    CAN_GetFlagStatus                        0x0800878b   Thumb Code   120  stm32f10x_can.o(.text)
    CAN_ClearFlag                            0x08008803   Thumb Code    52  stm32f10x_can.o(.text)
    CAN_GetITStatus                          0x08008849   Thumb Code   310  stm32f10x_can.o(.text)
    CAN_ClearITPendingBit                    0x0800897f   Thumb Code   162  stm32f10x_can.o(.text)
    FLASH_SetLatency                         0x08008a25   Thumb Code    18  stm32f10x_flash.o(.text)
    FLASH_HalfCycleAccessCmd                 0x08008a37   Thumb Code    22  stm32f10x_flash.o(.text)
    FLASH_PrefetchBufferCmd                  0x08008a4d   Thumb Code    22  stm32f10x_flash.o(.text)
    FLASH_Unlock                             0x08008a63   Thumb Code    12  stm32f10x_flash.o(.text)
    FLASH_UnlockBank1                        0x08008a6f   Thumb Code    12  stm32f10x_flash.o(.text)
    FLASH_Lock                               0x08008a7b   Thumb Code    14  stm32f10x_flash.o(.text)
    FLASH_LockBank1                          0x08008a89   Thumb Code    14  stm32f10x_flash.o(.text)
    FLASH_GetBank1Status                     0x08008a97   Thumb Code    48  stm32f10x_flash.o(.text)
    FLASH_WaitForLastOperation               0x08008ac7   Thumb Code    38  stm32f10x_flash.o(.text)
    FLASH_ErasePage                          0x08008aed   Thumb Code    72  stm32f10x_flash.o(.text)
    FLASH_EraseAllPages                      0x08008b35   Thumb Code    68  stm32f10x_flash.o(.text)
    FLASH_WaitForLastBank1Operation          0x08008b79   Thumb Code    38  stm32f10x_flash.o(.text)
    FLASH_EraseAllBank1Pages                 0x08008b9f   Thumb Code    68  stm32f10x_flash.o(.text)
    FLASH_GetReadOutProtectionStatus         0x08008be3   Thumb Code    20  stm32f10x_flash.o(.text)
    FLASH_EraseOptionBytes                   0x08008bf7   Thumb Code   150  stm32f10x_flash.o(.text)
    FLASH_ProgramWord                        0x08008c8d   Thumb Code   102  stm32f10x_flash.o(.text)
    FLASH_ProgramHalfWord                    0x08008cf3   Thumb Code    60  stm32f10x_flash.o(.text)
    FLASH_ProgramOptionByteData              0x08008d2f   Thumb Code    72  stm32f10x_flash.o(.text)
    FLASH_EnableWriteProtection              0x08008d77   Thumb Code   200  stm32f10x_flash.o(.text)
    FLASH_ReadOutProtection                  0x08008e3f   Thumb Code   156  stm32f10x_flash.o(.text)
    FLASH_UserOptionByteConfig               0x08008edb   Thumb Code    88  stm32f10x_flash.o(.text)
    FLASH_GetUserOptionByte                  0x08008f33   Thumb Code     8  stm32f10x_flash.o(.text)
    FLASH_GetWriteProtectionOptionByte       0x08008f3b   Thumb Code     6  stm32f10x_flash.o(.text)
    FLASH_GetPrefetchBufferStatus            0x08008f41   Thumb Code    20  stm32f10x_flash.o(.text)
    FLASH_ITConfig                           0x08008f55   Thumb Code    26  stm32f10x_flash.o(.text)
    FLASH_GetFlagStatus                      0x08008f6f   Thumb Code    42  stm32f10x_flash.o(.text)
    FLASH_ClearFlag                          0x08008f99   Thumb Code     6  stm32f10x_flash.o(.text)
    FLASH_GetStatus                          0x08008f9f   Thumb Code    48  stm32f10x_flash.o(.text)
    __aeabi_memset                           0x08008fe1   Thumb Code    14  memseta.o(.text)
    __aeabi_memset4                          0x08008fe1   Thumb Code     0  memseta.o(.text)
    __aeabi_memset8                          0x08008fe1   Thumb Code     0  memseta.o(.text)
    __aeabi_memclr                           0x08008fef   Thumb Code     4  memseta.o(.text)
    __aeabi_memclr4                          0x08008fef   Thumb Code     0  memseta.o(.text)
    __aeabi_memclr8                          0x08008fef   Thumb Code     0  memseta.o(.text)
    _memset$wrapper                          0x08008ff3   Thumb Code    18  memseta.o(.text)
    strcmp                                   0x08009005   Thumb Code    28  strcmp.o(.text)
    __aeabi_ddiv                             0x08009021   Thumb Code   222  ddiv.o(.text)
    __aeabi_i2d                              0x080090ff   Thumb Code    34  dflti.o(.text)
    __aeabi_d2iz                             0x08009121   Thumb Code    62  dfixi.o(.text)
    __aeabi_f2d                              0x0800915f   Thumb Code    38  f2d.o(.text)
    __aeabi_uidiv                            0x08009185   Thumb Code     0  uidiv.o(.text)
    __aeabi_uidivmod                         0x08009185   Thumb Code    44  uidiv.o(.text)
    __aeabi_uldivmod                         0x080091b1   Thumb Code    98  uldiv.o(.text)
    __aeabi_llsr                             0x08009213   Thumb Code    32  llushr.o(.text)
    _ll_ushift_r                             0x08009213   Thumb Code     0  llushr.o(.text)
    __I$use$fp                               0x08009233   Thumb Code     0  iusefp.o(.text)
    _double_round                            0x08009233   Thumb Code    30  depilogue.o(.text)
    _double_epilogue                         0x08009251   Thumb Code   156  depilogue.o(.text)
    __aeabi_dadd                             0x080092ed   Thumb Code   322  dadd.o(.text)
    __aeabi_dsub                             0x0800942f   Thumb Code     6  dadd.o(.text)
    __aeabi_drsub                            0x08009435   Thumb Code     6  dadd.o(.text)
    __aeabi_dmul                             0x0800943b   Thumb Code   228  dmul.o(.text)
    __aeabi_d2ulz                            0x0800951f   Thumb Code    48  dfixul.o(.text)
    __aeabi_cdrcmple                         0x08009551   Thumb Code    48  cdrcmple.o(.text)
    __scatterload                            0x08009581   Thumb Code    28  init.o(.text)
    __scatterload_rt2                        0x08009581   Thumb Code     0  init.o(.text)
    __aeabi_llsl                             0x080095a5   Thumb Code    30  llshl.o(.text)
    _ll_shift_l                              0x080095a5   Thumb Code     0  llshl.o(.text)
    __aeabi_lasr                             0x080095c3   Thumb Code    36  llsshr.o(.text)
    _ll_sshift_r                             0x080095c3   Thumb Code     0  llsshr.o(.text)
    __decompress                             0x080095e7   Thumb Code     0  __dczerorl2.o(.text)
    __decompress1                            0x080095e7   Thumb Code    86  __dczerorl2.o(.text)
    __0vsnprintf                             0x0800963d   Thumb Code    32  printfa.o(i.__0vsnprintf)
    __1vsnprintf                             0x0800963d   Thumb Code     0  printfa.o(i.__0vsnprintf)
    __2vsnprintf                             0x0800963d   Thumb Code     0  printfa.o(i.__0vsnprintf)
    __c89vsnprintf                           0x0800963d   Thumb Code     0  printfa.o(i.__0vsnprintf)
    vsnprintf                                0x0800963d   Thumb Code     0  printfa.o(i.__0vsnprintf)
    __scatterload_copy                       0x08009661   Thumb Code    14  handlers.o(i.__scatterload_copy)
    __scatterload_null                       0x0800966f   Thumb Code     2  handlers.o(i.__scatterload_null)
    __scatterload_zeroinit                   0x08009671   Thumb Code    14  handlers.o(i.__scatterload_zeroinit)
    malloc                                   0x08009f29   Thumb Code    92  malloc.o(i.malloc)
    Region$$Table$$Base                      0x0800a000   Number         0  anon$$obj.o(Region$$Table)
    Region$$Table$$Limit                     0x0800a020   Number         0  anon$$obj.o(Region$$Table)
    version                                  0x20000000   Data           4  main.o(.data)
    HardwareVersion                          0x20000004   Data           4  main.o(.data)
    SystemCoreClock                          0x20000008   Data           4  system_stm32f10x.o(.data)
    AHBPrescTable                            0x2000000c   Data          16  system_stm32f10x.o(.data)
    can_cb_array                             0x20000020   Data           8  can.o(.data)
    PODOData                                 0x20000028   Data           4  can.o(.data)
    update_flag                              0x200000f4   Data           1  cmd.o(.data)
    SteerPeriod                              0x20000108   Data           4  time.o(.data)
    SteerPrescaler                           0x2000010c   Data           4  time.o(.data)
    MotorPeriod                              0x20000110   Data           4  time.o(.data)
    MotorPrescaler                           0x20000114   Data           4  time.o(.data)
    __microlib_freelist                      0x2000012c   Data           4  mvars.o(.data)
    __microlib_freelist_initialised          0x20000130   Data           4  mvars.o(.data)
    __heap_base                              0x200001b8   Data           0  startup_stm32f10x_hd.o(HEAP)
    __heap_limit                             0x200010b8   Data           0  startup_stm32f10x_hd.o(HEAP)
    __initial_sp                             0x20001fb8   Data           0  startup_stm32f10x_hd.o(STACK)



==============================================================================

Memory Map of the image

  Image Entry point : 0x08005131

  Load Region LR_IROM1 (Base: 0x08005000, Size: 0x00005154, Max: 0x00010000, ABSOLUTE, COMPRESSED[0x000050b4])

    Execution Region ER_IROM1 (Base: 0x08005000, Size: 0x00005020, Max: 0x00010000, ABSOLUTE)

    Base Addr    Size         Type   Attr      Idx    E Section Name        Object

    0x08005000   0x00000130   Data   RO          414    RESET               startup_stm32f10x_hd.o
    0x08005130   0x00000000   Code   RO          553  * .ARM.Collect$$$$00000000  mc_w.l(entry.o)
    0x08005130   0x00000004   Code   RO          624    .ARM.Collect$$$$00000001  mc_w.l(entry2.o)
    0x08005134   0x00000004   Code   RO          627    .ARM.Collect$$$$00000004  mc_w.l(entry5.o)
    0x08005138   0x00000000   Code   RO          629    .ARM.Collect$$$$00000008  mc_w.l(entry7b.o)
    0x08005138   0x00000000   Code   RO          631    .ARM.Collect$$$$0000000A  mc_w.l(entry8b.o)
    0x08005138   0x00000008   Code   RO          632    .ARM.Collect$$$$0000000B  mc_w.l(entry9a.o)
    0x08005140   0x00000000   Code   RO          634    .ARM.Collect$$$$0000000D  mc_w.l(entry10a.o)
    0x08005140   0x00000000   Code   RO          636    .ARM.Collect$$$$0000000F  mc_w.l(entry11a.o)
    0x08005140   0x00000004   Code   RO          625    .ARM.Collect$$$$00002712  mc_w.l(entry2.o)
    0x08005144   0x00000096   Code   RO            1    .text               main.o
    0x080051da   0x0000001a   Code   RO          135    .text               stm32f10x_it.o
    0x080051f4   0x000001e0   Code   RO          176    .text               system_stm32f10x.o
    0x080053d4   0x00000268   Code   RO          198    .text               usart_u.o
    0x0800563c   0x0000020c   Code   RO          238    .text               can.o
    0x08005848   0x00000570   Code   RO          304    .text               cmd.o
    0x08005db8   0x00000858   Code   RO          333    .text               time.o
    0x08006610   0x00000024   Code   RO          415    .text               startup_stm32f10x_hd.o
    0x08006634   0x000000dc   Code   RO          419    .text               misc.o
    0x08006710   0x0000035c   Code   RO          443    .text               stm32f10x_gpio.o
    0x08006a6c   0x000003a4   Code   RO          455    .text               stm32f10x_rcc.o
    0x08006e10   0x00000e1a   Code   RO          469    .text               stm32f10x_tim.o
    0x08007c2a   0x00000002   PAD
    0x08007c2c   0x00000408   Code   RO          481    .text               stm32f10x_usart.o
    0x08008034   0x000009f0   Code   RO          529    .text               stm32f10x_can.o
    0x08008a24   0x000005bc   Code   RO          541    .text               stm32f10x_flash.o
    0x08008fe0   0x00000024   Code   RO          556    .text               mc_w.l(memseta.o)
    0x08009004   0x0000001c   Code   RO          558    .text               mc_w.l(strcmp.o)
    0x08009020   0x000000de   Code   RO          616    .text               mf_w.l(ddiv.o)
    0x080090fe   0x00000022   Code   RO          618    .text               mf_w.l(dflti.o)
    0x08009120   0x0000003e   Code   RO          620    .text               mf_w.l(dfixi.o)
    0x0800915e   0x00000026   Code   RO          622    .text               mf_w.l(f2d.o)
    0x08009184   0x0000002c   Code   RO          638    .text               mc_w.l(uidiv.o)
    0x080091b0   0x00000062   Code   RO          640    .text               mc_w.l(uldiv.o)
    0x08009212   0x00000020   Code   RO          642    .text               mc_w.l(llushr.o)
    0x08009232   0x00000000   Code   RO          650    .text               mc_w.l(iusefp.o)
    0x08009232   0x000000ba   Code   RO          651    .text               mf_w.l(depilogue.o)
    0x080092ec   0x0000014e   Code   RO          653    .text               mf_w.l(dadd.o)
    0x0800943a   0x000000e4   Code   RO          655    .text               mf_w.l(dmul.o)
    0x0800951e   0x00000030   Code   RO          657    .text               mf_w.l(dfixul.o)
    0x0800954e   0x00000002   PAD
    0x08009550   0x00000030   Code   RO          659    .text               mf_w.l(cdrcmple.o)
    0x08009580   0x00000024   Code   RO          661    .text               mc_w.l(init.o)
    0x080095a4   0x0000001e   Code   RO          663    .text               mc_w.l(llshl.o)
    0x080095c2   0x00000024   Code   RO          665    .text               mc_w.l(llsshr.o)
    0x080095e6   0x00000056   Code   RO          675    .text               mc_w.l(__dczerorl2.o)
    0x0800963c   0x00000024   Code   RO          566    i.__0vsnprintf      mc_w.l(printfa.o)
    0x08009660   0x0000000e   Code   RO          669    i.__scatterload_copy  mc_w.l(handlers.o)
    0x0800966e   0x00000002   Code   RO          670    i.__scatterload_null  mc_w.l(handlers.o)
    0x08009670   0x0000000e   Code   RO          671    i.__scatterload_zeroinit  mc_w.l(handlers.o)
    0x0800967e   0x00000002   PAD
    0x08009680   0x00000164   Code   RO          568    i._fp_digits        mc_w.l(printfa.o)
    0x080097e4   0x000006dc   Code   RO          569    i._printf_core      mc_w.l(printfa.o)
    0x08009ec0   0x00000024   Code   RO          570    i._printf_post_padding  mc_w.l(printfa.o)
    0x08009ee4   0x0000002e   Code   RO          571    i._printf_pre_padding  mc_w.l(printfa.o)
    0x08009f12   0x00000016   Code   RO          572    i._snputc           mc_w.l(printfa.o)
    0x08009f28   0x0000006c   Code   RO          589    i.malloc            mc_w.l(malloc.o)
    0x08009f94   0x00000019   Data   RO            2    .conststring        main.o
    0x08009fad   0x00000003   PAD
    0x08009fb0   0x0000004e   Data   RO          240    .conststring        can.o
    0x08009ffe   0x00000002   PAD
    0x0800a000   0x00000020   Data   RO          667    Region$$Table       anon$$obj.o


    Execution Region RW_IRAM1 (Base: 0x20000000, Size: 0x00001fb8, Max: 0x00005000, ABSOLUTE, COMPRESSED[0x00000094])

    Base Addr    Size         Type   Attr      Idx    E Section Name        Object

    0x20000000   0x00000008   Data   RW            3    .data               main.o
    0x20000008   0x00000014   Data   RW          177    .data               system_stm32f10x.o
    0x2000001c   0x00000012   Data   RW          241    .data               can.o
    0x2000002e   0x00000002   PAD
    0x20000030   0x000000d8   Data   RW          306    .data               cmd.o
    0x20000108   0x00000010   Data   RW          334    .data               time.o
    0x20000118   0x00000014   Data   RW          456    .data               stm32f10x_rcc.o
    0x2000012c   0x00000004   Data   RW          648    .data               mc_w.l(mvars.o)
    0x20000130   0x00000004   Data   RW          649    .data               mc_w.l(mvars.o)
    0x20000134   0x00000014   Zero   RW          239    .bss                can.o
    0x20000148   0x00000070   Zero   RW          305    .bss                cmd.o
    0x200001b8   0x00000f00   Zero   RW          413    HEAP                startup_stm32f10x_hd.o
    0x200010b8   0x00000f00   Zero   RW          412    STACK               startup_stm32f10x_hd.o


==============================================================================

Image component sizes


      Code (inc. data)   RO Data    RW Data    ZI Data      Debug   Object Name

       524         32         78         18         20       3536   can.o
      1392        214          0        216        112      20552   cmd.o
       150          0         25          8          0     267014   main.o
       220         22          0          0          0       1745   misc.o
        36          8        304          0       7680        764   startup_stm32f10x_hd.o
      2544         38          0          0          0       7796   stm32f10x_can.o
      1468         34          0          0          0       7978   stm32f10x_flash.o
       860         38          0          0          0       5589   stm32f10x_gpio.o
        26          0          0          0          0       1154   stm32f10x_it.o
       932         36          0         20          0       8732   stm32f10x_rcc.o
      3610         88          0          0          0      22072   stm32f10x_tim.o
      1032         22          0          0          0       8316   stm32f10x_usart.o
         0          0          0          0          0         32   sys.o
       480         40          0         20          0       1703   system_stm32f10x.o
      2136         86          0         16          0       3250   time.o
       616         26          0          0          0       2653   usart_u.o

    ----------------------------------------------------------------------
     16028        684        444        300       7812     362886   Object Totals
         0          0         32          0          0          0   (incl. Generated)
         2          0          5          2          0          0   (incl. Padding)

    ----------------------------------------------------------------------

      Code (inc. data)   RO Data    RW Data    ZI Data      Debug   Library Member Name

        86          0          0          0          0          0   __dczerorl2.o
         0          0          0          0          0          0   entry.o
         0          0          0          0          0          0   entry10a.o
         0          0          0          0          0          0   entry11a.o
         8          4          0          0          0          0   entry2.o
         4          0          0          0          0          0   entry5.o
         0          0          0          0          0          0   entry7b.o
         0          0          0          0          0          0   entry8b.o
         8          4          0          0          0          0   entry9a.o
        30          0          0          0          0          0   handlers.o
        36          8          0          0          0         68   init.o
         0          0          0          0          0          0   iusefp.o
        30          0          0          0          0         68   llshl.o
        36          0          0          0          0         68   llsshr.o
        32          0          0          0          0         68   llushr.o
       108         16          0          0          0         84   malloc.o
        36          0          0          0          0        108   memseta.o
         0          0          0          8          0          0   mvars.o
      2252         84          0          0          0        508   printfa.o
        28          0          0          0          0         76   strcmp.o
        44          0          0          0          0         80   uidiv.o
        98          0          0          0          0         92   uldiv.o
        48          0          0          0          0         68   cdrcmple.o
       334          0          0          0          0        148   dadd.o
       222          0          0          0          0        100   ddiv.o
       186          0          0          0          0        176   depilogue.o
        62          0          0          0          0         80   dfixi.o
        48          0          0          0          0         68   dfixul.o
        34          0          0          0          0         76   dflti.o
       228          0          0          0          0         96   dmul.o
        38          0          0          0          0         68   f2d.o

    ----------------------------------------------------------------------
      4040        116          0          8          0       2100   Library Totals
         4          0          0          0          0          0   (incl. Padding)

    ----------------------------------------------------------------------

      Code (inc. data)   RO Data    RW Data    ZI Data      Debug   Library Name

      2836        116          0          8          0       1220   mc_w.l
      1200          0          0          0          0        880   mf_w.l

    ----------------------------------------------------------------------
      4040        116          0          8          0       2100   Library Totals

    ----------------------------------------------------------------------

==============================================================================


      Code (inc. data)   RO Data    RW Data    ZI Data      Debug   

     20068        800        444        308       7812     362774   Grand Totals
     20068        800        444        148       7812     362774   ELF Image Totals (compressed)
     20068        800        444        148          0          0   ROM Totals

==============================================================================

    Total RO  Size (Code + RO Data)                20512 (  20.03kB)
    Total RW  Size (RW Data + ZI Data)              8120 (   7.93kB)
    Total ROM Size (Code + RO Data + RW Data)      20660 (  20.18kB)

==============================================================================

